[    0.000000] microcode: microcode updated early to revision 0x2b000639, date = 2025-01-28
[    0.000000] Linux version 5.15.0-144-generic (buildd@lcy02-amd64-099) (gcc (Ubuntu 11.4.0-1ubuntu1~22.04) 11.4.0, GNU ld (GNU Binutils for Ubuntu) 2.38) #157-Ubuntu SMP Mon Jun 16 07:33:10 UTC 2025 (Ubuntu 5.15.0-144.157-generic 5.15.184)
[    0.000000] Command line: BOOT_IMAGE=/boot/vmlinuz-5.15.0-144-generic root=UUID=44a7c8bc-9a68-43e0-9e17-c8efe58270f4 ro
[    0.000000] KERNEL supported cpus:
[    0.000000]   Intel GenuineIntel
[    0.000000]   AMD AuthenticAMD
[    0.000000]   Hygon HygonGenuine
[    0.000000]   Centaur CentaurHauls
[    0.000000]   zhaoxin   Shanghai  
[    0.000000] x86/tme: not enabled by BIOS
[    0.000000] x86/split lock detection: #AC: crashing the kernel on kernel split_locks and warning on user-space split_locks
[    0.000000] BIOS-provided physical RAM map:
[    0.000000] BIOS-e820: [mem 0x0000000000000000-0x000000000003dfff] usable
[    0.000000] BIOS-e820: [mem 0x000000000003e000-0x000000000003efff] reserved
[    0.000000] BIOS-e820: [mem 0x000000000003f000-0x000000000009ffff] usable
[    0.000000] BIOS-e820: [mem 0x00000000000a0000-0x00000000000fffff] reserved
[    0.000000] BIOS-e820: [mem 0x0000000000100000-0x000000006d90ffff] usable
[    0.000000] BIOS-e820: [mem 0x000000006d910000-0x000000006fa0ffff] reserved
[    0.000000] BIOS-e820: [mem 0x000000006fa10000-0x000000007030ffff] ACPI data
[    0.000000] BIOS-e820: [mem 0x0000000070310000-0x0000000073b2efff] ACPI NVS
[    0.000000] BIOS-e820: [mem 0x0000000073b2f000-0x00000000777fefff] reserved
[    0.000000] BIOS-e820: [mem 0x00000000777ff000-0x00000000777fffff] usable
[    0.000000] BIOS-e820: [mem 0x0000000077800000-0x000000008fffffff] reserved
[    0.000000] BIOS-e820: [mem 0x00000000fe010000-0x00000000fe010fff] reserved
[    0.000000] BIOS-e820: [mem 0x00000000ff000000-0x00000000ffffffff] reserved
[    0.000000] BIOS-e820: [mem 0x0000000100000000-0x000001007fffffff] usable
[    0.000000] NX (Execute Disable) protection: active
[    0.000000] e820: update [mem 0x59c8d018-0x59c95057] usable ==> usable
[    0.000000] e820: update [mem 0x59c8d018-0x59c95057] usable ==> usable
[    0.000000] e820: update [mem 0x599a4018-0x599dc857] usable ==> usable
[    0.000000] e820: update [mem 0x599a4018-0x599dc857] usable ==> usable
[    0.000000] e820: update [mem 0x5996b018-0x599a3857] usable ==> usable
[    0.000000] e820: update [mem 0x5996b018-0x599a3857] usable ==> usable
[    0.000000] e820: update [mem 0x5995e018-0x5996ac57] usable ==> usable
[    0.000000] e820: update [mem 0x5995e018-0x5996ac57] usable ==> usable
[    0.000000] e820: update [mem 0x5293f018-0x529fda57] usable ==> usable
[    0.000000] e820: update [mem 0x5293f018-0x529fda57] usable ==> usable
[    0.000000] e820: update [mem 0x52880018-0x5293ea57] usable ==> usable
[    0.000000] e820: update [mem 0x52880018-0x5293ea57] usable ==> usable
[    0.000000] e820: update [mem 0x527c1018-0x5287fa57] usable ==> usable
[    0.000000] e820: update [mem 0x527c1018-0x5287fa57] usable ==> usable
[    0.000000] e820: update [mem 0x52702018-0x527c0a57] usable ==> usable
[    0.000000] e820: update [mem 0x52702018-0x527c0a57] usable ==> usable
[    0.000000] extended physical RAM map:
[    0.000000] reserve setup_data: [mem 0x0000000000000000-0x000000000003dfff] usable
[    0.000000] reserve setup_data: [mem 0x000000000003e000-0x000000000003efff] reserved
[    0.000000] reserve setup_data: [mem 0x000000000003f000-0x000000000009ffff] usable
[    0.000000] reserve setup_data: [mem 0x00000000000a0000-0x00000000000fffff] reserved
[    0.000000] reserve setup_data: [mem 0x0000000000100000-0x0000000052702017] usable
[    0.000000] reserve setup_data: [mem 0x0000000052702018-0x00000000527c0a57] usable
[    0.000000] reserve setup_data: [mem 0x00000000527c0a58-0x00000000527c1017] usable
[    0.000000] reserve setup_data: [mem 0x00000000527c1018-0x000000005287fa57] usable
[    0.000000] reserve setup_data: [mem 0x000000005287fa58-0x0000000052880017] usable
[    0.000000] reserve setup_data: [mem 0x0000000052880018-0x000000005293ea57] usable
[    0.000000] reserve setup_data: [mem 0x000000005293ea58-0x000000005293f017] usable
[    0.000000] reserve setup_data: [mem 0x000000005293f018-0x00000000529fda57] usable
[    0.000000] reserve setup_data: [mem 0x00000000529fda58-0x000000005995e017] usable
[    0.000000] reserve setup_data: [mem 0x000000005995e018-0x000000005996ac57] usable
[    0.000000] reserve setup_data: [mem 0x000000005996ac58-0x000000005996b017] usable
[    0.000000] reserve setup_data: [mem 0x000000005996b018-0x00000000599a3857] usable
[    0.000000] reserve setup_data: [mem 0x00000000599a3858-0x00000000599a4017] usable
[    0.000000] reserve setup_data: [mem 0x00000000599a4018-0x00000000599dc857] usable
[    0.000000] reserve setup_data: [mem 0x00000000599dc858-0x0000000059c8d017] usable
[    0.000000] reserve setup_data: [mem 0x0000000059c8d018-0x0000000059c95057] usable
[    0.000000] reserve setup_data: [mem 0x0000000059c95058-0x000000006d90ffff] usable
[    0.000000] reserve setup_data: [mem 0x000000006d910000-0x000000006fa0ffff] reserved
[    0.000000] reserve setup_data: [mem 0x000000006fa10000-0x000000007030ffff] ACPI data
[    0.000000] reserve setup_data: [mem 0x0000000070310000-0x0000000073b2efff] ACPI NVS
[    0.000000] reserve setup_data: [mem 0x0000000073b2f000-0x00000000777fefff] reserved
[    0.000000] reserve setup_data: [mem 0x00000000777ff000-0x00000000777fffff] usable
[    0.000000] reserve setup_data: [mem 0x0000000077800000-0x000000008fffffff] reserved
[    0.000000] reserve setup_data: [mem 0x00000000fe010000-0x00000000fe010fff] reserved
[    0.000000] reserve setup_data: [mem 0x00000000ff000000-0x00000000ffffffff] reserved
[    0.000000] reserve setup_data: [mem 0x0000000100000000-0x000001007fffffff] usable
[    0.000000] efi: EFI v2.90 by American Megatrends
[    0.000000] efi: ACPI=0x739ab000 ACPI 2.0=0x739ab014 TPMFinalLog=0x7397a000 SMBIOS=0x76e6e000 SMBIOS 3.0=0x76e6d000 MEMATTR=0x5b108018 ESRT=0x6a469718 MOKvar=0x76e54000 TPMEventLog=0x6fefd018 
[    0.000000] secureboot: Secure boot disabled
[    0.000000] SMBIOS 3.6.0 present.
[    0.000000] DMI: Supermicro SYS-521GE-TNRT/X13DEG-OA, BIOS 1.4a 09/20/2023
[    0.000000] tsc: Detected 2400.000 MHz processor
[    0.000026] e820: update [mem 0x00000000-0x00000fff] usable ==> reserved
[    0.000029] e820: remove [mem 0x000a0000-0x000fffff] usable
[    0.000044] last_pfn = 0x10080000 max_arch_pfn = 0x10000000000
[    0.000406] x86/PAT: Configuration [0-7]: WB  WC  UC- UC  WB  WP  UC- WT  
[    0.006881] total RAM covered: 2095104M
[    0.007000]  gran_size: 64K 	chunk_size: 64K 	num_reg: 10  	lose cover RAM: 0G
[    0.007003]  gran_size: 64K 	chunk_size: 128K 	num_reg: 10  	lose cover RAM: 0G
[    0.007005]  gran_size: 64K 	chunk_size: 256K 	num_reg: 10  	lose cover RAM: 0G
[    0.007007]  gran_size: 64K 	chunk_size: 512K 	num_reg: 10  	lose cover RAM: 0G
[    0.007009]  gran_size: 64K 	chunk_size: 1M 	num_reg: 10  	lose cover RAM: 0G
[    0.007011]  gran_size: 64K 	chunk_size: 2M 	num_reg: 10  	lose cover RAM: 0G
[    0.007012]  gran_size: 64K 	chunk_size: 4M 	num_reg: 10  	lose cover RAM: 0G
[    0.007014]  gran_size: 64K 	chunk_size: 8M 	num_reg: 10  	lose cover RAM: 0G
[    0.007015]  gran_size: 64K 	chunk_size: 16M 	num_reg: 10  	lose cover RAM: 0G
[    0.007017]  gran_size: 64K 	chunk_size: 32M 	num_reg: 10  	lose cover RAM: 0G
[    0.007019]  gran_size: 64K 	chunk_size: 64M 	num_reg: 10  	lose cover RAM: 0G
[    0.007021]  gran_size: 64K 	chunk_size: 128M 	num_reg: 10  	lose cover RAM: 0G
[    0.007022]  gran_size: 64K 	chunk_size: 256M 	num_reg: 10  	lose cover RAM: 0G
[    0.007024]  gran_size: 64K 	chunk_size: 512M 	num_reg: 10  	lose cover RAM: 0G
[    0.007026]  gran_size: 64K 	chunk_size: 1G 	num_reg: 10  	lose cover RAM: 0G
[    0.007027]  gran_size: 64K 	chunk_size: 2G 	num_reg: 10  	lose cover RAM: 0G
[    0.007029]  gran_size: 128K 	chunk_size: 128K 	num_reg: 10  	lose cover RAM: 0G
[    0.007031]  gran_size: 128K 	chunk_size: 256K 	num_reg: 10  	lose cover RAM: 0G
[    0.007032]  gran_size: 128K 	chunk_size: 512K 	num_reg: 10  	lose cover RAM: 0G
[    0.007034]  gran_size: 128K 	chunk_size: 1M 	num_reg: 10  	lose cover RAM: 0G
[    0.007036]  gran_size: 128K 	chunk_size: 2M 	num_reg: 10  	lose cover RAM: 0G
[    0.007037]  gran_size: 128K 	chunk_size: 4M 	num_reg: 10  	lose cover RAM: 0G
[    0.007039]  gran_size: 128K 	chunk_size: 8M 	num_reg: 10  	lose cover RAM: 0G
[    0.007040]  gran_size: 128K 	chunk_size: 16M 	num_reg: 10  	lose cover RAM: 0G
[    0.007042]  gran_size: 128K 	chunk_size: 32M 	num_reg: 10  	lose cover RAM: 0G
[    0.007044]  gran_size: 128K 	chunk_size: 64M 	num_reg: 10  	lose cover RAM: 0G
[    0.007045]  gran_size: 128K 	chunk_size: 128M 	num_reg: 10  	lose cover RAM: 0G
[    0.007047]  gran_size: 128K 	chunk_size: 256M 	num_reg: 10  	lose cover RAM: 0G
[    0.007049]  gran_size: 128K 	chunk_size: 512M 	num_reg: 10  	lose cover RAM: 0G
[    0.007050]  gran_size: 128K 	chunk_size: 1G 	num_reg: 10  	lose cover RAM: 0G
[    0.007052]  gran_size: 128K 	chunk_size: 2G 	num_reg: 10  	lose cover RAM: 0G
[    0.007054]  gran_size: 256K 	chunk_size: 256K 	num_reg: 10  	lose cover RAM: 0G
[    0.007055]  gran_size: 256K 	chunk_size: 512K 	num_reg: 10  	lose cover RAM: 0G
[    0.007057]  gran_size: 256K 	chunk_size: 1M 	num_reg: 10  	lose cover RAM: 0G
[    0.007059]  gran_size: 256K 	chunk_size: 2M 	num_reg: 10  	lose cover RAM: 0G
[    0.007060]  gran_size: 256K 	chunk_size: 4M 	num_reg: 10  	lose cover RAM: 0G
[    0.007062]  gran_size: 256K 	chunk_size: 8M 	num_reg: 10  	lose cover RAM: 0G
[    0.007063]  gran_size: 256K 	chunk_size: 16M 	num_reg: 10  	lose cover RAM: 0G
[    0.007065]  gran_size: 256K 	chunk_size: 32M 	num_reg: 10  	lose cover RAM: 0G
[    0.007067]  gran_size: 256K 	chunk_size: 64M 	num_reg: 10  	lose cover RAM: 0G
[    0.007068]  gran_size: 256K 	chunk_size: 128M 	num_reg: 10  	lose cover RAM: 0G
[    0.007070]  gran_size: 256K 	chunk_size: 256M 	num_reg: 10  	lose cover RAM: 0G
[    0.007072]  gran_size: 256K 	chunk_size: 512M 	num_reg: 10  	lose cover RAM: 0G
[    0.007073]  gran_size: 256K 	chunk_size: 1G 	num_reg: 10  	lose cover RAM: 0G
[    0.007075]  gran_size: 256K 	chunk_size: 2G 	num_reg: 10  	lose cover RAM: 0G
[    0.007077]  gran_size: 512K 	chunk_size: 512K 	num_reg: 10  	lose cover RAM: 0G
[    0.007078]  gran_size: 512K 	chunk_size: 1M 	num_reg: 10  	lose cover RAM: 0G
[    0.007080]  gran_size: 512K 	chunk_size: 2M 	num_reg: 10  	lose cover RAM: 0G
[    0.007082]  gran_size: 512K 	chunk_size: 4M 	num_reg: 10  	lose cover RAM: 0G
[    0.007083]  gran_size: 512K 	chunk_size: 8M 	num_reg: 10  	lose cover RAM: 0G
[    0.007085]  gran_size: 512K 	chunk_size: 16M 	num_reg: 10  	lose cover RAM: 0G
[    0.007086]  gran_size: 512K 	chunk_size: 32M 	num_reg: 10  	lose cover RAM: 0G
[    0.007088]  gran_size: 512K 	chunk_size: 64M 	num_reg: 10  	lose cover RAM: 0G
[    0.007090]  gran_size: 512K 	chunk_size: 128M 	num_reg: 10  	lose cover RAM: 0G
[    0.007091]  gran_size: 512K 	chunk_size: 256M 	num_reg: 10  	lose cover RAM: 0G
[    0.007093]  gran_size: 512K 	chunk_size: 512M 	num_reg: 10  	lose cover RAM: 0G
[    0.007095]  gran_size: 512K 	chunk_size: 1G 	num_reg: 10  	lose cover RAM: 0G
[    0.007096]  gran_size: 512K 	chunk_size: 2G 	num_reg: 10  	lose cover RAM: 0G
[    0.007098]  gran_size: 1M 	chunk_size: 1M 	num_reg: 10  	lose cover RAM: 0G
[    0.007100]  gran_size: 1M 	chunk_size: 2M 	num_reg: 10  	lose cover RAM: 0G
[    0.007101]  gran_size: 1M 	chunk_size: 4M 	num_reg: 10  	lose cover RAM: 0G
[    0.007103]  gran_size: 1M 	chunk_size: 8M 	num_reg: 10  	lose cover RAM: 0G
[    0.007104]  gran_size: 1M 	chunk_size: 16M 	num_reg: 10  	lose cover RAM: 0G
[    0.007106]  gran_size: 1M 	chunk_size: 32M 	num_reg: 10  	lose cover RAM: 0G
[    0.007108]  gran_size: 1M 	chunk_size: 64M 	num_reg: 10  	lose cover RAM: 0G
[    0.007109]  gran_size: 1M 	chunk_size: 128M 	num_reg: 10  	lose cover RAM: 0G
[    0.007111]  gran_size: 1M 	chunk_size: 256M 	num_reg: 10  	lose cover RAM: 0G
[    0.007113]  gran_size: 1M 	chunk_size: 512M 	num_reg: 10  	lose cover RAM: 0G
[    0.007114]  gran_size: 1M 	chunk_size: 1G 	num_reg: 10  	lose cover RAM: 0G
[    0.007116]  gran_size: 1M 	chunk_size: 2G 	num_reg: 10  	lose cover RAM: 0G
[    0.007118]  gran_size: 2M 	chunk_size: 2M 	num_reg: 10  	lose cover RAM: 0G
[    0.007119]  gran_size: 2M 	chunk_size: 4M 	num_reg: 10  	lose cover RAM: 0G
[    0.007121]  gran_size: 2M 	chunk_size: 8M 	num_reg: 10  	lose cover RAM: 0G
[    0.007122]  gran_size: 2M 	chunk_size: 16M 	num_reg: 10  	lose cover RAM: 0G
[    0.007124]  gran_size: 2M 	chunk_size: 32M 	num_reg: 10  	lose cover RAM: 0G
[    0.007126]  gran_size: 2M 	chunk_size: 64M 	num_reg: 10  	lose cover RAM: 0G
[    0.007127]  gran_size: 2M 	chunk_size: 128M 	num_reg: 10  	lose cover RAM: 0G
[    0.007129]  gran_size: 2M 	chunk_size: 256M 	num_reg: 10  	lose cover RAM: 0G
[    0.007131]  gran_size: 2M 	chunk_size: 512M 	num_reg: 10  	lose cover RAM: 0G
[    0.007132]  gran_size: 2M 	chunk_size: 1G 	num_reg: 10  	lose cover RAM: 0G
[    0.007134]  gran_size: 2M 	chunk_size: 2G 	num_reg: 10  	lose cover RAM: 0G
[    0.007135]  gran_size: 4M 	chunk_size: 4M 	num_reg: 10  	lose cover RAM: 0G
[    0.007137]  gran_size: 4M 	chunk_size: 8M 	num_reg: 10  	lose cover RAM: 0G
[    0.007139]  gran_size: 4M 	chunk_size: 16M 	num_reg: 10  	lose cover RAM: 0G
[    0.007140]  gran_size: 4M 	chunk_size: 32M 	num_reg: 10  	lose cover RAM: 0G
[    0.007142]  gran_size: 4M 	chunk_size: 64M 	num_reg: 10  	lose cover RAM: 0G
[    0.007144]  gran_size: 4M 	chunk_size: 128M 	num_reg: 10  	lose cover RAM: 0G
[    0.007145]  gran_size: 4M 	chunk_size: 256M 	num_reg: 10  	lose cover RAM: 0G
[    0.007147]  gran_size: 4M 	chunk_size: 512M 	num_reg: 10  	lose cover RAM: 0G
[    0.007148]  gran_size: 4M 	chunk_size: 1G 	num_reg: 10  	lose cover RAM: 0G
[    0.007150]  gran_size: 4M 	chunk_size: 2G 	num_reg: 10  	lose cover RAM: 0G
[    0.007152]  gran_size: 8M 	chunk_size: 8M 	num_reg: 10  	lose cover RAM: 0G
[    0.007153]  gran_size: 8M 	chunk_size: 16M 	num_reg: 10  	lose cover RAM: 0G
[    0.007155]  gran_size: 8M 	chunk_size: 32M 	num_reg: 10  	lose cover RAM: 0G
[    0.007157]  gran_size: 8M 	chunk_size: 64M 	num_reg: 10  	lose cover RAM: 0G
[    0.007158]  gran_size: 8M 	chunk_size: 128M 	num_reg: 10  	lose cover RAM: 0G
[    0.007160]  gran_size: 8M 	chunk_size: 256M 	num_reg: 10  	lose cover RAM: 0G
[    0.007162]  gran_size: 8M 	chunk_size: 512M 	num_reg: 10  	lose cover RAM: 0G
[    0.007163]  gran_size: 8M 	chunk_size: 1G 	num_reg: 10  	lose cover RAM: 0G
[    0.007165]  gran_size: 8M 	chunk_size: 2G 	num_reg: 10  	lose cover RAM: 0G
[    0.007166]  gran_size: 16M 	chunk_size: 16M 	num_reg: 10  	lose cover RAM: 0G
[    0.007168]  gran_size: 16M 	chunk_size: 32M 	num_reg: 10  	lose cover RAM: 0G
[    0.007170]  gran_size: 16M 	chunk_size: 64M 	num_reg: 10  	lose cover RAM: 0G
[    0.007171]  gran_size: 16M 	chunk_size: 128M 	num_reg: 10  	lose cover RAM: 0G
[    0.007173]  gran_size: 16M 	chunk_size: 256M 	num_reg: 10  	lose cover RAM: 0G
[    0.007175]  gran_size: 16M 	chunk_size: 512M 	num_reg: 10  	lose cover RAM: 0G
[    0.007176]  gran_size: 16M 	chunk_size: 1G 	num_reg: 10  	lose cover RAM: 0G
[    0.007178]  gran_size: 16M 	chunk_size: 2G 	num_reg: 10  	lose cover RAM: 0G
[    0.007180]  gran_size: 32M 	chunk_size: 32M 	num_reg: 10  	lose cover RAM: 0G
[    0.007181]  gran_size: 32M 	chunk_size: 64M 	num_reg: 10  	lose cover RAM: 0G
[    0.007183]  gran_size: 32M 	chunk_size: 128M 	num_reg: 10  	lose cover RAM: 0G
[    0.007185]  gran_size: 32M 	chunk_size: 256M 	num_reg: 10  	lose cover RAM: 0G
[    0.007186]  gran_size: 32M 	chunk_size: 512M 	num_reg: 10  	lose cover RAM: 0G
[    0.007188]  gran_size: 32M 	chunk_size: 1G 	num_reg: 10  	lose cover RAM: 0G
[    0.007189]  gran_size: 32M 	chunk_size: 2G 	num_reg: 10  	lose cover RAM: 0G
[    0.007191]  gran_size: 64M 	chunk_size: 64M 	num_reg: 10  	lose cover RAM: 0G
[    0.007193]  gran_size: 64M 	chunk_size: 128M 	num_reg: 10  	lose cover RAM: 0G
[    0.007194]  gran_size: 64M 	chunk_size: 256M 	num_reg: 10  	lose cover RAM: 0G
[    0.007196]  gran_size: 64M 	chunk_size: 512M 	num_reg: 10  	lose cover RAM: 0G
[    0.007198]  gran_size: 64M 	chunk_size: 1G 	num_reg: 10  	lose cover RAM: 0G
[    0.007199]  gran_size: 64M 	chunk_size: 2G 	num_reg: 10  	lose cover RAM: 0G
[    0.007201]  gran_size: 128M 	chunk_size: 128M 	num_reg: 10  	lose cover RAM: 0G
[    0.007203]  gran_size: 128M 	chunk_size: 256M 	num_reg: 10  	lose cover RAM: 0G
[    0.007204]  gran_size: 128M 	chunk_size: 512M 	num_reg: 10  	lose cover RAM: 0G
[    0.007206]  gran_size: 128M 	chunk_size: 1G 	num_reg: 10  	lose cover RAM: 0G
[    0.007208]  gran_size: 128M 	chunk_size: 2G 	num_reg: 10  	lose cover RAM: 0G
[    0.007209]  gran_size: 256M 	chunk_size: 256M 	num_reg: 10  	lose cover RAM: 0G
[    0.007211]  gran_size: 256M 	chunk_size: 512M 	num_reg: 10  	lose cover RAM: 0G
[    0.007213]  gran_size: 256M 	chunk_size: 1G 	num_reg: 10  	lose cover RAM: 0G
[    0.007214]  gran_size: 256M 	chunk_size: 2G 	num_reg: 10  	lose cover RAM: 0G
[    0.007216]  gran_size: 512M 	chunk_size: 512M 	num_reg: 10  	lose cover RAM: 0G
[    0.007217]  gran_size: 512M 	chunk_size: 1G 	num_reg: 10  	lose cover RAM: 0G
[    0.007219]  gran_size: 512M 	chunk_size: 2G 	num_reg: 10  	lose cover RAM: 0G
[    0.007221]  gran_size: 1G 	chunk_size: 1G 	num_reg: 10  	lose cover RAM: 0G
[    0.007222]  gran_size: 1G 	chunk_size: 2G 	num_reg: 10  	lose cover RAM: 0G
[    0.007224]  gran_size: 2G 	chunk_size: 2G 	num_reg: 10  	lose cover RAM: 0G
[    0.007226] mtrr_cleanup: can not find optimal value
[    0.007227] please specify mtrr_gran_size/mtrr_chunk_size
[    0.007229] e820: update [mem 0x80000000-0xffffffff] usable ==> reserved
[    0.007234] x2apic: enabled by BIOS, switching to x2apic ops
[    0.007236] last_pfn = 0x77800 max_arch_pfn = 0x10000000000
[    0.016606] esrt: Reserving ESRT space from 0x000000006a469718 to 0x000000006a469778.
[    0.016626] e820: update [mem 0x6a469000-0x6a469fff] usable ==> reserved
[    0.017152] Using GB pages for direct mapping
[    0.017645] secureboot: Secure boot disabled
[    0.017646] RAMDISK: [mem 0x529fe000-0x59366fff]
[    0.017654] ACPI: Early table checksum verification disabled
[    0.017659] ACPI: RSDP 0x00000000739AB014 000024 (v02 SUPERM)
[    0.017665] ACPI: XSDT 0x00000000739AA728 000134 (v01 SUPERM SMCI--MB 01072009 AMI  01000013)
[    0.017672] ACPI: FACP 0x000000007030D000 000114 (v06 SUPERM SMCI--MB 01072009 INTL 20091013)
[    0.017680] ACPI: DSDT 0x000000007023B000 0CFC03 (v02 SUPERM SMCI--MB 01072009 INTL 20091013)
[    0.017684] ACPI: FACS 0x0000000073B2D000 000040
[    0.017688] ACPI: SPMI 0x000000007030C000 000041 (v05 SUPERM SMCI--MB 00000000 AMI. 00000000)
[    0.017691] ACPI: SPMI 0x000000007030B000 000041 (v05 SUPERM SMCI--MB 00000000 AMI. 00000000)
[    0.017695] ACPI: FIDT 0x000000007023A000 00009C (v01 SUPERM SMCI--MB 01072009 AMI  00010013)
[    0.017698] ACPI: SSDT 0x000000007030F000 000156 (v02 SUPERM PRMOPREG 00001000 INTL 20210331)
[    0.017702] ACPI: SSDT 0x000000007030E000 000145 (v02 SUPERM PRMSAMPL 00001000 INTL 20210331)
[    0.017706] ACPI: SSDT 0x0000000070239000 0006F2 (v02 INTEL  RAS_ACPI 00000001 INTL 20210331)
[    0.017709] ACPI: SSDT 0x0000000070238000 000406 (v02 INTEL  SruTable 00001000 INTL 20210331)
[    0.017713] ACPI: SSDT 0x0000000070237000 000397 (v02 INTEL  SstsTbl  00001000 INTL 20210331)
[    0.017717] ACPI: BERT 0x0000000070236000 000030 (v01 SUPERM SMCI--MB 00000001 INTL 00000001)
[    0.017720] ACPI: ERST 0x0000000070235000 000230 (v01 SUPERM SMCI--MB 00000001 INTL 00000001)
[    0.017724] ACPI: SSDT 0x0000000070234000 000859 (v02 INTEL  ADDRXLAT 00000001 INTL 20210331)
[    0.017727] ACPI: MCFG 0x0000000070233000 00003C (v01 SUPERM SMCI--MB 01072009 MSFT 00000097)
[    0.017731] ACPI: BDAT 0x0000000070232000 000030 (v01 SUPERM SMCI--MB 00000000 INTL 20091013)
[    0.017734] ACPI: HPET 0x0000000070231000 000038 (v01 SUPERM SMCI--MB 00000001 INTL 20091013)
[    0.017738] ACPI: MSCT 0x0000000070230000 000090 (v01 SUPERM SMCI--MB 00000001 INTL 20091013)
[    0.017741] ACPI: WDDT 0x000000007022F000 000040 (v01 SUPERM SMCI--MB 00000000 INTL 20091013)
[    0.017745] ACPI: APIC 0x000000007022D000 000C5E (v04 SUPERM SMCI--MB 00000000 INTL 20091013)
[    0.017748] ACPI: SRAT 0x0000000070225000 007830 (v03 SUPERM SMCI--MB 00000002 AMI  01000013)
[    0.017752] ACPI: SLIT 0x0000000070224000 000030 (v01 SUPERM SMCI--MB 01072009 AMI  01000013)
[    0.017755] ACPI: HMAT 0x0000000070223000 000158 (v02 SUPERM SMCI--MB 01072009 AMI  01000013)
[    0.017759] ACPI: OEM4 0x000000007009B000 187A51 (v02 INTEL  CPU  CST 00003000 INTL 20210331)
[    0.017763] ACPI: OEM1 0x000000006FF87000 113479 (v02 INTEL  CPU EIST 00003000 INTL 20210331)
[    0.017766] ACPI: SSDT 0x000000006FF1D000 069895 (v02 INTEL  SSDT  PM 00004000 INTL 20210331)
[    0.017770] ACPI: HEST 0x000000006FF1B000 00013C (v01 SUPERM SMCI--MB 00000001 INTL 00000001)
[    0.017773] ACPI: DMAR 0x000000006FF1A000 0005A8 (v01 SUPERM SMCI--MB 00000001 INTL 20091013)
[    0.017777] ACPI: FPDT 0x000000006FF19000 000044 (v01 SUPERM A M I    01072009 AMI  01000013)
[    0.017780] ACPI: PRMT 0x000000006FF18000 000138 (v00 SUPERM SMCI--MB 01072009 AMI  01000013)
[    0.017784] ACPI: BGRT 0x000000006FF17000 000038 (v01 SUPERM SMCI--MB 01072009 AMI  00010013)
[    0.017788] ACPI: TPM2 0x000000006FF16000 00004C (v04 SUPERM SMCI--MB 00000001 AMI  00000000)
[    0.017791] ACPI: SSDT 0x000000006FF0E000 0078BA (v02 INTEL  SpsNm    00000002 INTL 20210331)
[    0.017795] ACPI: SSDT 0x000000006FF04000 009424 (v01 SUPERM SMCCDN   00000000 INTL 20181221)
[    0.017798] ACPI: SSDT 0x000000006FF1C000 0009F1 (v02 SUPERM SMCI--MB 00000000 INTL 20091013)
[    0.017802] ACPI: WSMT 0x000000007022E000 000028 (v01 SUPERM SMCI--MB 01072009 AMI  00010013)
[    0.017805] ACPI: Reserving FACP table memory at [mem 0x7030d000-0x7030d113]
[    0.017808] ACPI: Reserving DSDT table memory at [mem 0x7023b000-0x7030ac02]
[    0.017811] ACPI: Reserving FACS table memory at [mem 0x73b2d000-0x73b2d03f]
[    0.017814] ACPI: Reserving SPMI table memory at [mem 0x7030c000-0x7030c040]
[    0.017816] ACPI: Reserving SPMI table memory at [mem 0x7030b000-0x7030b040]
[    0.017819] ACPI: Reserving FIDT table memory at [mem 0x7023a000-0x7023a09b]
[    0.017822] ACPI: Reserving SSDT table memory at [mem 0x7030f000-0x7030f155]
[    0.017825] ACPI: Reserving SSDT table memory at [mem 0x7030e000-0x7030e144]
[    0.017827] ACPI: Reserving SSDT table memory at [mem 0x70239000-0x702396f1]
[    0.017830] ACPI: Reserving SSDT table memory at [mem 0x70238000-0x70238405]
[    0.017833] ACPI: Reserving SSDT table memory at [mem 0x70237000-0x70237396]
[    0.017835] ACPI: Reserving BERT table memory at [mem 0x70236000-0x7023602f]
[    0.017838] ACPI: Reserving ERST table memory at [mem 0x70235000-0x7023522f]
[    0.017841] ACPI: Reserving SSDT table memory at [mem 0x70234000-0x70234858]
[    0.017843] ACPI: Reserving MCFG table memory at [mem 0x70233000-0x7023303b]
[    0.017846] ACPI: Reserving BDAT table memory at [mem 0x70232000-0x7023202f]
[    0.017849] ACPI: Reserving HPET table memory at [mem 0x70231000-0x70231037]
[    0.017851] ACPI: Reserving MSCT table memory at [mem 0x70230000-0x7023008f]
[    0.017854] ACPI: Reserving WDDT table memory at [mem 0x7022f000-0x7022f03f]
[    0.017857] ACPI: Reserving APIC table memory at [mem 0x7022d000-0x7022dc5d]
[    0.017859] ACPI: Reserving SRAT table memory at [mem 0x70225000-0x7022c82f]
[    0.017862] ACPI: Reserving SLIT table memory at [mem 0x70224000-0x7022402f]
[    0.017865] ACPI: Reserving HMAT table memory at [mem 0x70223000-0x70223157]
[    0.017867] ACPI: Reserving OEM4 table memory at [mem 0x7009b000-0x70222a50]
[    0.017870] ACPI: Reserving OEM1 table memory at [mem 0x6ff87000-0x7009a478]
[    0.017872] ACPI: Reserving SSDT table memory at [mem 0x6ff1d000-0x6ff86894]
[    0.017875] ACPI: Reserving HEST table memory at [mem 0x6ff1b000-0x6ff1b13b]
[    0.017878] ACPI: Reserving DMAR table memory at [mem 0x6ff1a000-0x6ff1a5a7]
[    0.017880] ACPI: Reserving FPDT table memory at [mem 0x6ff19000-0x6ff19043]
[    0.017883] ACPI: Reserving PRMT table memory at [mem 0x6ff18000-0x6ff18137]
[    0.017886] ACPI: Reserving BGRT table memory at [mem 0x6ff17000-0x6ff17037]
[    0.017888] ACPI: Reserving TPM2 table memory at [mem 0x6ff16000-0x6ff1604b]
[    0.017891] ACPI: Reserving SSDT table memory at [mem 0x6ff0e000-0x6ff158b9]
[    0.017894] ACPI: Reserving SSDT table memory at [mem 0x6ff04000-0x6ff0d423]
[    0.017897] ACPI: Reserving SSDT table memory at [mem 0x6ff1c000-0x6ff1c9f0]
[    0.017899] ACPI: Reserving WSMT table memory at [mem 0x7022e000-0x7022e027]
[    0.017929] Setting APIC routing to cluster x2apic.
[    0.018011] SRAT: PXM 0 -> APIC 0x0000 -> Node 0
[    0.018013] SRAT: PXM 0 -> APIC 0x0001 -> Node 0
[    0.018015] SRAT: PXM 0 -> APIC 0x0002 -> Node 0
[    0.018016] SRAT: PXM 0 -> APIC 0x0003 -> Node 0
[    0.018017] SRAT: PXM 0 -> APIC 0x0004 -> Node 0
[    0.018018] SRAT: PXM 0 -> APIC 0x0005 -> Node 0
[    0.018019] SRAT: PXM 0 -> APIC 0x0006 -> Node 0
[    0.018020] SRAT: PXM 0 -> APIC 0x0007 -> Node 0
[    0.018021] SRAT: PXM 0 -> APIC 0x0008 -> Node 0
[    0.018022] SRAT: PXM 0 -> APIC 0x0009 -> Node 0
[    0.018023] SRAT: PXM 0 -> APIC 0x000a -> Node 0
[    0.018023] SRAT: PXM 0 -> APIC 0x000b -> Node 0
[    0.018024] SRAT: PXM 0 -> APIC 0x000c -> Node 0
[    0.018025] SRAT: PXM 0 -> APIC 0x000d -> Node 0
[    0.018026] SRAT: PXM 0 -> APIC 0x000e -> Node 0
[    0.018027] SRAT: PXM 0 -> APIC 0x000f -> Node 0
[    0.018028] SRAT: PXM 0 -> APIC 0x0010 -> Node 0
[    0.018029] SRAT: PXM 0 -> APIC 0x0011 -> Node 0
[    0.018030] SRAT: PXM 0 -> APIC 0x0012 -> Node 0
[    0.018031] SRAT: PXM 0 -> APIC 0x0013 -> Node 0
[    0.018032] SRAT: PXM 0 -> APIC 0x0014 -> Node 0
[    0.018033] SRAT: PXM 0 -> APIC 0x0015 -> Node 0
[    0.018034] SRAT: PXM 0 -> APIC 0x0016 -> Node 0
[    0.018035] SRAT: PXM 0 -> APIC 0x0017 -> Node 0
[    0.018036] SRAT: PXM 0 -> APIC 0x0018 -> Node 0
[    0.018037] SRAT: PXM 0 -> APIC 0x0019 -> Node 0
[    0.018038] SRAT: PXM 0 -> APIC 0x001a -> Node 0
[    0.018039] SRAT: PXM 0 -> APIC 0x001b -> Node 0
[    0.018040] SRAT: PXM 0 -> APIC 0x001c -> Node 0
[    0.018041] SRAT: PXM 0 -> APIC 0x001d -> Node 0
[    0.018042] SRAT: PXM 0 -> APIC 0x001e -> Node 0
[    0.018043] SRAT: PXM 0 -> APIC 0x001f -> Node 0
[    0.018044] SRAT: PXM 0 -> APIC 0x0020 -> Node 0
[    0.018045] SRAT: PXM 0 -> APIC 0x0021 -> Node 0
[    0.018046] SRAT: PXM 0 -> APIC 0x0022 -> Node 0
[    0.018047] SRAT: PXM 0 -> APIC 0x0023 -> Node 0
[    0.018048] SRAT: PXM 0 -> APIC 0x0024 -> Node 0
[    0.018049] SRAT: PXM 0 -> APIC 0x0025 -> Node 0
[    0.018050] SRAT: PXM 0 -> APIC 0x0026 -> Node 0
[    0.018051] SRAT: PXM 0 -> APIC 0x0027 -> Node 0
[    0.018052] SRAT: PXM 0 -> APIC 0x0028 -> Node 0
[    0.018053] SRAT: PXM 0 -> APIC 0x0029 -> Node 0
[    0.018054] SRAT: PXM 0 -> APIC 0x002a -> Node 0
[    0.018055] SRAT: PXM 0 -> APIC 0x002b -> Node 0
[    0.018056] SRAT: PXM 0 -> APIC 0x002c -> Node 0
[    0.018057] SRAT: PXM 0 -> APIC 0x002d -> Node 0
[    0.018058] SRAT: PXM 0 -> APIC 0x002e -> Node 0
[    0.018059] SRAT: PXM 0 -> APIC 0x002f -> Node 0
[    0.018060] SRAT: PXM 0 -> APIC 0x0030 -> Node 0
[    0.018061] SRAT: PXM 0 -> APIC 0x0031 -> Node 0
[    0.018062] SRAT: PXM 0 -> APIC 0x0032 -> Node 0
[    0.018063] SRAT: PXM 0 -> APIC 0x0033 -> Node 0
[    0.018064] SRAT: PXM 0 -> APIC 0x0034 -> Node 0
[    0.018064] SRAT: PXM 0 -> APIC 0x0035 -> Node 0
[    0.018065] SRAT: PXM 0 -> APIC 0x0036 -> Node 0
[    0.018066] SRAT: PXM 0 -> APIC 0x0037 -> Node 0
[    0.018067] SRAT: PXM 0 -> APIC 0x0038 -> Node 0
[    0.018068] SRAT: PXM 0 -> APIC 0x0039 -> Node 0
[    0.018069] SRAT: PXM 0 -> APIC 0x003a -> Node 0
[    0.018070] SRAT: PXM 0 -> APIC 0x003b -> Node 0
[    0.018071] SRAT: PXM 0 -> APIC 0x003c -> Node 0
[    0.018072] SRAT: PXM 0 -> APIC 0x003d -> Node 0
[    0.018073] SRAT: PXM 0 -> APIC 0x003e -> Node 0
[    0.018074] SRAT: PXM 0 -> APIC 0x003f -> Node 0
[    0.018075] SRAT: PXM 0 -> APIC 0x0040 -> Node 0
[    0.018076] SRAT: PXM 0 -> APIC 0x0041 -> Node 0
[    0.018077] SRAT: PXM 0 -> APIC 0x0042 -> Node 0
[    0.018078] SRAT: PXM 0 -> APIC 0x0043 -> Node 0
[    0.018079] SRAT: PXM 0 -> APIC 0x0044 -> Node 0
[    0.018080] SRAT: PXM 0 -> APIC 0x0045 -> Node 0
[    0.018081] SRAT: PXM 0 -> APIC 0x0046 -> Node 0
[    0.018082] SRAT: PXM 0 -> APIC 0x0047 -> Node 0
[    0.018083] SRAT: PXM 0 -> APIC 0x0048 -> Node 0
[    0.018084] SRAT: PXM 0 -> APIC 0x0049 -> Node 0
[    0.018085] SRAT: PXM 0 -> APIC 0x004a -> Node 0
[    0.018086] SRAT: PXM 0 -> APIC 0x004b -> Node 0
[    0.018087] SRAT: PXM 0 -> APIC 0x004c -> Node 0
[    0.018088] SRAT: PXM 0 -> APIC 0x004d -> Node 0
[    0.018089] SRAT: PXM 0 -> APIC 0x004e -> Node 0
[    0.018090] SRAT: PXM 0 -> APIC 0x004f -> Node 0
[    0.018091] SRAT: PXM 0 -> APIC 0x0050 -> Node 0
[    0.018092] SRAT: PXM 0 -> APIC 0x0051 -> Node 0
[    0.018093] SRAT: PXM 0 -> APIC 0x0052 -> Node 0
[    0.018094] SRAT: PXM 0 -> APIC 0x0053 -> Node 0
[    0.018095] SRAT: PXM 0 -> APIC 0x0054 -> Node 0
[    0.018095] SRAT: PXM 0 -> APIC 0x0055 -> Node 0
[    0.018096] SRAT: PXM 0 -> APIC 0x0056 -> Node 0
[    0.018097] SRAT: PXM 0 -> APIC 0x0057 -> Node 0
[    0.018098] SRAT: PXM 0 -> APIC 0x0058 -> Node 0
[    0.018099] SRAT: PXM 0 -> APIC 0x0059 -> Node 0
[    0.018100] SRAT: PXM 0 -> APIC 0x005a -> Node 0
[    0.018101] SRAT: PXM 0 -> APIC 0x005b -> Node 0
[    0.018102] SRAT: PXM 0 -> APIC 0x005c -> Node 0
[    0.018103] SRAT: PXM 0 -> APIC 0x005d -> Node 0
[    0.018104] SRAT: PXM 0 -> APIC 0x005e -> Node 0
[    0.018105] SRAT: PXM 0 -> APIC 0x005f -> Node 0
[    0.018106] SRAT: PXM 1 -> APIC 0x0080 -> Node 1
[    0.018107] SRAT: PXM 1 -> APIC 0x0081 -> Node 1
[    0.018108] SRAT: PXM 1 -> APIC 0x0082 -> Node 1
[    0.018109] SRAT: PXM 1 -> APIC 0x0083 -> Node 1
[    0.018110] SRAT: PXM 1 -> APIC 0x0084 -> Node 1
[    0.018111] SRAT: PXM 1 -> APIC 0x0085 -> Node 1
[    0.018112] SRAT: PXM 1 -> APIC 0x0086 -> Node 1
[    0.018113] SRAT: PXM 1 -> APIC 0x0087 -> Node 1
[    0.018114] SRAT: PXM 1 -> APIC 0x0088 -> Node 1
[    0.018115] SRAT: PXM 1 -> APIC 0x0089 -> Node 1
[    0.018116] SRAT: PXM 1 -> APIC 0x008a -> Node 1
[    0.018117] SRAT: PXM 1 -> APIC 0x008b -> Node 1
[    0.018118] SRAT: PXM 1 -> APIC 0x008c -> Node 1
[    0.018119] SRAT: PXM 1 -> APIC 0x008d -> Node 1
[    0.018120] SRAT: PXM 1 -> APIC 0x008e -> Node 1
[    0.018121] SRAT: PXM 1 -> APIC 0x008f -> Node 1
[    0.018122] SRAT: PXM 1 -> APIC 0x0090 -> Node 1
[    0.018123] SRAT: PXM 1 -> APIC 0x0091 -> Node 1
[    0.018124] SRAT: PXM 1 -> APIC 0x0092 -> Node 1
[    0.018125] SRAT: PXM 1 -> APIC 0x0093 -> Node 1
[    0.018125] SRAT: PXM 1 -> APIC 0x0094 -> Node 1
[    0.018126] SRAT: PXM 1 -> APIC 0x0095 -> Node 1
[    0.018127] SRAT: PXM 1 -> APIC 0x0096 -> Node 1
[    0.018128] SRAT: PXM 1 -> APIC 0x0097 -> Node 1
[    0.018129] SRAT: PXM 1 -> APIC 0x0098 -> Node 1
[    0.018130] SRAT: PXM 1 -> APIC 0x0099 -> Node 1
[    0.018131] SRAT: PXM 1 -> APIC 0x009a -> Node 1
[    0.018132] SRAT: PXM 1 -> APIC 0x009b -> Node 1
[    0.018133] SRAT: PXM 1 -> APIC 0x009c -> Node 1
[    0.018134] SRAT: PXM 1 -> APIC 0x009d -> Node 1
[    0.018135] SRAT: PXM 1 -> APIC 0x009e -> Node 1
[    0.018136] SRAT: PXM 1 -> APIC 0x009f -> Node 1
[    0.018137] SRAT: PXM 1 -> APIC 0x00a0 -> Node 1
[    0.018138] SRAT: PXM 1 -> APIC 0x00a1 -> Node 1
[    0.018139] SRAT: PXM 1 -> APIC 0x00a2 -> Node 1
[    0.018140] SRAT: PXM 1 -> APIC 0x00a3 -> Node 1
[    0.018141] SRAT: PXM 1 -> APIC 0x00a4 -> Node 1
[    0.018142] SRAT: PXM 1 -> APIC 0x00a5 -> Node 1
[    0.018143] SRAT: PXM 1 -> APIC 0x00a6 -> Node 1
[    0.018144] SRAT: PXM 1 -> APIC 0x00a7 -> Node 1
[    0.018144] SRAT: PXM 1 -> APIC 0x00a8 -> Node 1
[    0.018145] SRAT: PXM 1 -> APIC 0x00a9 -> Node 1
[    0.018146] SRAT: PXM 1 -> APIC 0x00aa -> Node 1
[    0.018147] SRAT: PXM 1 -> APIC 0x00ab -> Node 1
[    0.018148] SRAT: PXM 1 -> APIC 0x00ac -> Node 1
[    0.018149] SRAT: PXM 1 -> APIC 0x00ad -> Node 1
[    0.018150] SRAT: PXM 1 -> APIC 0x00ae -> Node 1
[    0.018151] SRAT: PXM 1 -> APIC 0x00af -> Node 1
[    0.018152] SRAT: PXM 1 -> APIC 0x00b0 -> Node 1
[    0.018153] SRAT: PXM 1 -> APIC 0x00b1 -> Node 1
[    0.018154] SRAT: PXM 1 -> APIC 0x00b2 -> Node 1
[    0.018155] SRAT: PXM 1 -> APIC 0x00b3 -> Node 1
[    0.018156] SRAT: PXM 1 -> APIC 0x00b4 -> Node 1
[    0.018157] SRAT: PXM 1 -> APIC 0x00b5 -> Node 1
[    0.018158] SRAT: PXM 1 -> APIC 0x00b6 -> Node 1
[    0.018159] SRAT: PXM 1 -> APIC 0x00b7 -> Node 1
[    0.018160] SRAT: PXM 1 -> APIC 0x00b8 -> Node 1
[    0.018161] SRAT: PXM 1 -> APIC 0x00b9 -> Node 1
[    0.018162] SRAT: PXM 1 -> APIC 0x00ba -> Node 1
[    0.018163] SRAT: PXM 1 -> APIC 0x00bb -> Node 1
[    0.018164] SRAT: PXM 1 -> APIC 0x00bc -> Node 1
[    0.018165] SRAT: PXM 1 -> APIC 0x00bd -> Node 1
[    0.018166] SRAT: PXM 1 -> APIC 0x00be -> Node 1
[    0.018167] SRAT: PXM 1 -> APIC 0x00bf -> Node 1
[    0.018168] SRAT: PXM 1 -> APIC 0x00c0 -> Node 1
[    0.018169] SRAT: PXM 1 -> APIC 0x00c1 -> Node 1
[    0.018170] SRAT: PXM 1 -> APIC 0x00c2 -> Node 1
[    0.018171] SRAT: PXM 1 -> APIC 0x00c3 -> Node 1
[    0.018172] SRAT: PXM 1 -> APIC 0x00c4 -> Node 1
[    0.018172] SRAT: PXM 1 -> APIC 0x00c5 -> Node 1
[    0.018173] SRAT: PXM 1 -> APIC 0x00c6 -> Node 1
[    0.018174] SRAT: PXM 1 -> APIC 0x00c7 -> Node 1
[    0.018175] SRAT: PXM 1 -> APIC 0x00c8 -> Node 1
[    0.018176] SRAT: PXM 1 -> APIC 0x00c9 -> Node 1
[    0.018177] SRAT: PXM 1 -> APIC 0x00ca -> Node 1
[    0.018178] SRAT: PXM 1 -> APIC 0x00cb -> Node 1
[    0.018179] SRAT: PXM 1 -> APIC 0x00cc -> Node 1
[    0.018180] SRAT: PXM 1 -> APIC 0x00cd -> Node 1
[    0.018181] SRAT: PXM 1 -> APIC 0x00ce -> Node 1
[    0.018182] SRAT: PXM 1 -> APIC 0x00cf -> Node 1
[    0.018183] SRAT: PXM 1 -> APIC 0x00d0 -> Node 1
[    0.018184] SRAT: PXM 1 -> APIC 0x00d1 -> Node 1
[    0.018185] SRAT: PXM 1 -> APIC 0x00d2 -> Node 1
[    0.018186] SRAT: PXM 1 -> APIC 0x00d3 -> Node 1
[    0.018187] SRAT: PXM 1 -> APIC 0x00d4 -> Node 1
[    0.018188] SRAT: PXM 1 -> APIC 0x00d5 -> Node 1
[    0.018189] SRAT: PXM 1 -> APIC 0x00d6 -> Node 1
[    0.018190] SRAT: PXM 1 -> APIC 0x00d7 -> Node 1
[    0.018191] SRAT: PXM 1 -> APIC 0x00d8 -> Node 1
[    0.018192] SRAT: PXM 1 -> APIC 0x00d9 -> Node 1
[    0.018192] SRAT: PXM 1 -> APIC 0x00da -> Node 1
[    0.018193] SRAT: PXM 1 -> APIC 0x00db -> Node 1
[    0.018194] SRAT: PXM 1 -> APIC 0x00dc -> Node 1
[    0.018195] SRAT: PXM 1 -> APIC 0x00dd -> Node 1
[    0.018196] SRAT: PXM 1 -> APIC 0x00de -> Node 1
[    0.018197] SRAT: PXM 1 -> APIC 0x00df -> Node 1
[    0.018214] ACPI: SRAT: Node 0 PXM 0 [mem 0x00000000-0x7fffffff]
[    0.018216] ACPI: SRAT: Node 0 PXM 0 [mem 0x100000000-0x807fffffff]
[    0.018218] ACPI: SRAT: Node 1 PXM 1 [mem 0x8080000000-0x1007fffffff]
[    0.018234] NUMA: Initialized distance table, cnt=2
[    0.018236] NUMA: Node 0 [mem 0x00000000-0x7fffffff] + [mem 0x100000000-0x807fffffff] -> [mem 0x00000000-0x807fffffff]
[    0.018256] NODE_DATA(0) allocated [mem 0x807ffd6000-0x807fffffff]
[    0.018275] NODE_DATA(1) allocated [mem 0x1007ffd5000-0x1007fffefff]
[    0.020051] Zone ranges:
[    0.020053]   DMA      [mem 0x0000000000001000-0x0000000000ffffff]
[    0.020056]   DMA32    [mem 0x0000000001000000-0x00000000ffffffff]
[    0.020058]   Normal   [mem 0x0000000100000000-0x000001007fffffff]
[    0.020060]   Device   empty
[    0.020062] Movable zone start for each node
[    0.020064] Early memory node ranges
[    0.020065]   node   0: [mem 0x0000000000001000-0x000000000003dfff]
[    0.020067]   node   0: [mem 0x000000000003f000-0x000000000009ffff]
[    0.020068]   node   0: [mem 0x0000000000100000-0x000000006d90ffff]
[    0.020069]   node   0: [mem 0x00000000777ff000-0x00000000777fffff]
[    0.020071]   node   0: [mem 0x0000000100000000-0x000000807fffffff]
[    0.020123]   node   1: [mem 0x0000008080000000-0x000001007fffffff]
[    0.020173] Initmem setup node 0 [mem 0x0000000000001000-0x000000807fffffff]
[    0.020177] Initmem setup node 1 [mem 0x0000008080000000-0x000001007fffffff]
[    0.020181] On node 0, zone DMA: 1 pages in unavailable ranges
[    0.020184] On node 0, zone DMA: 1 pages in unavailable ranges
[    0.020223] On node 0, zone DMA: 96 pages in unavailable ranges
[    0.024702] On node 0, zone DMA32: 40687 pages in unavailable ranges
[    1.291570] On node 0, zone Normal: 2048 pages in unavailable ranges
[    2.963588] ACPI: PM-Timer IO Port: 0x508
[    2.963625] ACPI: X2APIC_NMI (uid[0xffffffff] high edge lint[0x1])
[    2.963630] ACPI: LAPIC_NMI (acpi_id[0xff] high edge lint[0x1])
[    2.963664] IOAPIC[0]: apic_id 8, version 32, address 0xfec00000, GSI 0-23
[    2.963669] ACPI: INT_SRC_OVR (bus 0 bus_irq 0 global_irq 2 dfl dfl)
[    2.963672] ACPI: INT_SRC_OVR (bus 0 bus_irq 9 global_irq 9 high level)
[    2.963677] ACPI: Using ACPI (MADT) for SMP configuration information
[    2.963679] ACPI: HPET id: 0x8086a701 base: 0xfed00000
[    2.963709] e820: update [mem 0x65a1f000-0x65c5ffff] usable ==> reserved
[    2.963729] TSC deadline timer available
[    2.963731] smpboot: Allowing 192 CPUs, 0 hotplug CPUs
[    2.963783] PM: hibernation: Registered nosave memory: [mem 0x00000000-0x00000fff]
[    2.963788] PM: hibernation: Registered nosave memory: [mem 0x0003e000-0x0003efff]
[    2.963791] PM: hibernation: Registered nosave memory: [mem 0x000a0000-0x000fffff]
[    2.963795] PM: hibernation: Registered nosave memory: [mem 0x65a1f000-0x65c5ffff]
[    2.963799] PM: hibernation: Registered nosave memory: [mem 0x6a469000-0x6a469fff]
[    2.963802] PM: hibernation: Registered nosave memory: [mem 0x6d910000-0x777fefff]
[    2.963806] PM: hibernation: Registered nosave memory: [mem 0x77800000-0xffffffff]
[    2.963808] [mem 0x90000000-0xfe00ffff] available for PCI devices
[    2.963810] Booting paravirtualized kernel on bare hardware
[    2.963814] clocksource: refined-jiffies: mask: 0xffffffff max_cycles: 0xffffffff, max_idle_ns: 7645519600211568 ns
[    2.963826] setup_percpu: NR_CPUS:8192 nr_cpumask_bits:192 nr_cpu_ids:192 nr_node_ids:2
[    2.973016] percpu: Embedded 62 pages/cpu s217088 r8192 d28672 u262144
[    2.973038] pcpu-alloc: s217088 r8192 d28672 u262144 alloc=1*2097152
[    2.973041] pcpu-alloc: [0] 000 001 002 003 004 005 006 007 
[    2.973048] pcpu-alloc: [0] 008 009 010 011 012 013 014 015 
[    2.973054] pcpu-alloc: [0] 016 017 018 019 020 021 022 023 
[    2.973059] pcpu-alloc: [0] 024 025 026 027 028 029 030 031 
[    2.973064] pcpu-alloc: [0] 032 033 034 035 036 037 038 039 
[    2.973069] pcpu-alloc: [0] 040 041 042 043 044 045 046 047 
[    2.973075] pcpu-alloc: [0] 096 097 098 099 100 101 102 103 
[    2.973080] pcpu-alloc: [0] 104 105 106 107 108 109 110 111 
[    2.973085] pcpu-alloc: [0] 112 113 114 115 116 117 118 119 
[    2.973090] pcpu-alloc: [0] 120 121 122 123 124 125 126 127 
[    2.973095] pcpu-alloc: [0] 128 129 130 131 132 133 134 135 
[    2.973100] pcpu-alloc: [0] 136 137 138 139 140 141 142 143 
[    2.973105] pcpu-alloc: [1] 048 049 050 051 052 053 054 055 
[    2.973111] pcpu-alloc: [1] 056 057 058 059 060 061 062 063 
[    2.973116] pcpu-alloc: [1] 064 065 066 067 068 069 070 071 
[    2.973121] pcpu-alloc: [1] 072 073 074 075 076 077 078 079 
[    2.973126] pcpu-alloc: [1] 080 081 082 083 084 085 086 087 
[    2.973131] pcpu-alloc: [1] 088 089 090 091 092 093 094 095 
[    2.973136] pcpu-alloc: [1] 144 145 146 147 148 149 150 151 
[    2.973141] pcpu-alloc: [1] 152 153 154 155 156 157 158 159 
[    2.973146] pcpu-alloc: [1] 160 161 162 163 164 165 166 167 
[    2.973151] pcpu-alloc: [1] 168 169 170 171 172 173 174 175 
[    2.973157] pcpu-alloc: [1] 176 177 178 179 180 181 182 183 
[    2.973162] pcpu-alloc: [1] 184 185 186 187 188 189 190 191 
[    2.973249] Built 2 zonelists, mobility grouping on.  Total pages: 264166572
[    2.973251] Policy zone: Normal
[    2.973254] Kernel command line: BOOT_IMAGE=/boot/vmlinuz-5.15.0-144-generic root=UUID=44a7c8bc-9a68-43e0-9e17-c8efe58270f4 ro
[    2.973306] Unknown kernel command line parameters "BOOT_IMAGE=/boot/vmlinuz-5.15.0-144-generic", will be passed to user space.
[    2.973309] printk: log_buf_len individual max cpu contribution: 4096 bytes
[    2.973311] printk: log_buf_len total cpu_extra contributions: 782336 bytes
[    2.973312] printk: log_buf_len min size: 262144 bytes
[    2.974346] printk: log_buf_len: 1048576 bytes
[    2.974348] printk: early log buf free: 223888(85%)
[    2.979775] mem auto-init: stack:off, heap alloc:on, heap free:off
[    5.294445] Memory: 1056050964K/1073439420K available (16393K kernel code, 4398K rwdata, 10988K rodata, 3284K init, 18780K bss, 17388252K reserved, 0K cma-reserved)
[    5.295883] SLUB: HWalign=64, Order=0-3, MinObjects=0, CPUs=192, Nodes=2
[    5.295973] ftrace: allocating 50851 entries in 199 pages
[    5.329671] ftrace: allocated 199 pages with 5 groups
[    5.330725] rcu: Hierarchical RCU implementation.
[    5.330727] rcu: 	RCU restricting CPUs from NR_CPUS=8192 to nr_cpu_ids=192.
[    5.330729] 	Rude variant of Tasks RCU enabled.
[    5.330730] 	Tracing variant of Tasks RCU enabled.
[    5.330731] rcu: RCU calculated value of scheduler-enlistment delay is 25 jiffies.
[    5.330732] rcu: Adjusting geometry for rcu_fanout_leaf=16, nr_cpu_ids=192
[    5.335965] NR_IRQS: 524544, nr_irqs: 1960, preallocated irqs: 16
[    5.336638] random: crng init done
[    5.337007] Console: colour dummy device 80x25
[    5.337628] printk: console [tty0] enabled
[    5.337958] mempolicy: Enabling automatic NUMA balancing. Configure with numa_balancing= or the kernel.numa_balancing sysctl
[    5.337968] ACPI: Core revision 20210730
[    5.340031] clocksource: hpet: mask: 0xffffffff max_cycles: 0xffffffff, max_idle_ns: 76450417870 ns
[    5.340115] APIC: Switch to symmetric I/O mode setup
[    5.340119] DMAR: Host address width 46
[    5.340121] DMAR: DRHD base: 0x000000d97fc000 flags: 0x0
[    5.340129] DMAR: dmar0: reg_base_addr d97fc000 ver 6:0 cap 9ed008c40780466 ecap 3ee9e86f050df
[    5.340133] DMAR: DRHD base: 0x000000e17fc000 flags: 0x0
[    5.340137] DMAR: dmar1: reg_base_addr e17fc000 ver 6:0 cap 9ed008c40780466 ecap 3ee9e86f050df
[    5.340142] DMAR: DRHD base: 0x000000e97fc000 flags: 0x0
[    5.340148] DMAR: dmar2: reg_base_addr e97fc000 ver 6:0 cap 9ed008c40780466 ecap 3ee9e86f050df
[    5.340152] DMAR: DRHD base: 0x000000f17fc000 flags: 0x0
[    5.340155] DMAR: dmar3: reg_base_addr f17fc000 ver 6:0 cap 9ed008c40780466 ecap 3ee9e86f050df
[    5.340159] DMAR: DRHD base: 0x000000f97fc000 flags: 0x0
[    5.340163] DMAR: dmar4: reg_base_addr f97fc000 ver 6:0 cap 9ed008c40780466 ecap 3ee9e86f050df
[    5.340167] DMAR: DRHD base: 0x000000d13fc000 flags: 0x0
[    5.340170] DMAR: dmar5: reg_base_addr d13fc000 ver 6:0 cap 9ed008c40780466 ecap 3ee9e86f050df
[    5.340174] DMAR: DRHD base: 0x000000f9ffc000 flags: 0x0
[    5.340178] DMAR: dmar6: reg_base_addr f9ffc000 ver 6:0 cap 9ed008c40780466 ecap 3ef9ea6f050df
[    5.340182] DMAR: DRHD base: 0x000000fa7fc000 flags: 0x0
[    5.340185] DMAR: dmar7: reg_base_addr fa7fc000 ver 6:0 cap 9ed008c40780466 ecap 3ef9ea6f050df
[    5.340189] DMAR: DRHD base: 0x000000faffc000 flags: 0x0
[    5.340200] DMAR: dmar8: reg_base_addr faffc000 ver 6:0 cap 9ed008c40780466 ecap 3ef9ea6f050df
[    5.340204] DMAR: DRHD base: 0x000000fb7fc000 flags: 0x0
[    5.340208] DMAR: dmar9: reg_base_addr fb7fc000 ver 6:0 cap 9ed008c40780466 ecap 3ef9ea6f050df
[    5.340212] DMAR: DRHD base: 0x0000009f7fc000 flags: 0x0
[    5.340215] DMAR: dmar10: reg_base_addr 9f7fc000 ver 6:0 cap 9ed008c40780466 ecap 3ee9e86f050df
[    5.340219] DMAR: DRHD base: 0x000000a93fc000 flags: 0x0
[    5.340222] DMAR: dmar11: reg_base_addr a93fc000 ver 6:0 cap 9ed008c40780466 ecap 3ee9e86f050df
[    5.340226] DMAR: DRHD base: 0x000000b2ffc000 flags: 0x0
[    5.340230] DMAR: dmar12: reg_base_addr b2ffc000 ver 6:0 cap 9ed008c40780466 ecap 3ee9e86f050df
[    5.340233] DMAR: DRHD base: 0x000000bcbfc000 flags: 0x0
[    5.340237] DMAR: dmar13: reg_base_addr bcbfc000 ver 6:0 cap 9ed008c40780466 ecap 3ee9e86f050df
[    5.340241] DMAR: DRHD base: 0x000000c67fc000 flags: 0x0
[    5.340244] DMAR: dmar14: reg_base_addr c67fc000 ver 6:0 cap 9ed008c40780466 ecap 3ee9e86f050df
[    5.340248] DMAR: DRHD base: 0x000000c6ffc000 flags: 0x0
[    5.340251] DMAR: dmar15: reg_base_addr c6ffc000 ver 6:0 cap 9ed008c40780466 ecap 3ef9ea6f050df
[    5.340255] DMAR: DRHD base: 0x000000c77fc000 flags: 0x0
[    5.340260] DMAR: dmar16: reg_base_addr c77fc000 ver 6:0 cap 9ed008c40780466 ecap 3ef9ea6f050df
[    5.340264] DMAR: DRHD base: 0x000000c7ffc000 flags: 0x0
[    5.340267] DMAR: dmar17: reg_base_addr c7ffc000 ver 6:0 cap 9ed008c40780466 ecap 3ef9ea6f050df
[    5.340271] DMAR: DRHD base: 0x000000c87fc000 flags: 0x0
[    5.340276] DMAR: dmar18: reg_base_addr c87fc000 ver 6:0 cap 9ed008c40780466 ecap 3ef9ea6f050df
[    5.340279] DMAR: DRHD base: 0x000000957fc000 flags: 0x1
[    5.340283] DMAR: dmar19: reg_base_addr 957fc000 ver 6:0 cap 9ed008c40780466 ecap 3ee9e86f050df
[    5.340287] DMAR: RMRR base: 0x00000076f3f000 end: 0x00000076f61fff
[    5.340290] DMAR: RMRR base: 0x00000074905000 end: 0x00000074b4efff
[    5.340292] DMAR: ATSR flags: 0x0
[    5.340295] DMAR: RHSA base: 0x000000957fc000 proximity domain: 0x0
[    5.340297] DMAR: RHSA base: 0x0000009f7fc000 proximity domain: 0x0
[    5.340299] DMAR: RHSA base: 0x000000a93fc000 proximity domain: 0x0
[    5.340301] DMAR: RHSA base: 0x000000b2ffc000 proximity domain: 0x0
[    5.340303] DMAR: RHSA base: 0x000000bcbfc000 proximity domain: 0x0
[    5.340304] DMAR: RHSA base: 0x000000c67fc000 proximity domain: 0x0
[    5.340306] DMAR: RHSA base: 0x000000c6ffc000 proximity domain: 0x0
[    5.340308] DMAR: RHSA base: 0x000000c77fc000 proximity domain: 0x0
[    5.340310] DMAR: RHSA base: 0x000000c7ffc000 proximity domain: 0x0
[    5.340311] DMAR: RHSA base: 0x000000c87fc000 proximity domain: 0x0
[    5.340313] DMAR: RHSA base: 0x000000d97fc000 proximity domain: 0x1
[    5.340315] DMAR: RHSA base: 0x000000e17fc000 proximity domain: 0x1
[    5.340317] DMAR: RHSA base: 0x000000e97fc000 proximity domain: 0x1
[    5.340319] DMAR: RHSA base: 0x000000f17fc000 proximity domain: 0x1
[    5.340321] DMAR: RHSA base: 0x000000f97fc000 proximity domain: 0x1
[    5.340322] DMAR: RHSA base: 0x000000d13fc000 proximity domain: 0x1
[    5.340324] DMAR: RHSA base: 0x000000f9ffc000 proximity domain: 0x1
[    5.340326] DMAR: RHSA base: 0x000000fa7fc000 proximity domain: 0x1
[    5.340328] DMAR: RHSA base: 0x000000faffc000 proximity domain: 0x1
[    5.340329] DMAR: RHSA base: 0x000000fb7fc000 proximity domain: 0x1
[    5.340331] DMAR: SATC flags: 0x0
[    5.340336] DMAR-IR: IOAPIC id 8 under DRHD base  0x957fc000 IOMMU 19
[    5.340338] DMAR-IR: HPET id 0 under DRHD base 0x957fc000
[    5.340341] DMAR-IR: Queued invalidation will be enabled to support x2apic and Intr-remapping.
[    5.346592] DMAR-IR: Enabled IRQ remapping in x2apic mode
[    5.347800] ..TIMER: vector=0x30 apic1=0 pin1=2 apic2=-1 pin2=-1
[    5.364100] clocksource: tsc-early: mask: 0xffffffffffffffff max_cycles: 0x22983777dd9, max_idle_ns: 440795300422 ns
[    5.364110] Calibrating delay loop (skipped), value calculated using timer frequency.. 4800.00 BogoMIPS (lpj=9600000)
[    5.364184] x86/cpu: SGX disabled by BIOS.
[    5.364193] CPU0: Thermal monitoring enabled (TM1)
[    5.364196] x86/cpu: User Mode Instruction Prevention (UMIP) activated
[    5.364602] process: using mwait in idle threads
[    5.364606] Last level iTLB entries: 4KB 0, 2MB 0, 4MB 0
[    5.364608] Last level dTLB entries: 4KB 0, 2MB 0, 4MB 0, 1GB 0
[    5.364616] Spectre V1 : Mitigation: usercopy/swapgs barriers and __user pointer sanitization
[    5.364621] Spectre V2 : Mitigation: Enhanced / Automatic IBRS
[    5.364623] Spectre V2 : Spectre v2 / PBRSB-eIBRS: Retire a single CALL on VMEXIT
[    5.364627] Spectre V2 : mitigation: Enabling conditional Indirect Branch Prediction Barrier
[    5.364631] Speculative Store Bypass: Mitigation: Speculative Store Bypass disabled via prctl and seccomp
[    5.364686] x86/fpu: Supporting XSAVE feature 0x001: 'x87 floating point registers'
[    5.364690] x86/fpu: Supporting XSAVE feature 0x002: 'SSE registers'
[    5.364692] x86/fpu: Supporting XSAVE feature 0x004: 'AVX registers'
[    5.364694] x86/fpu: Supporting XSAVE feature 0x020: 'AVX-512 opmask'
[    5.364695] x86/fpu: Supporting XSAVE feature 0x040: 'AVX-512 Hi256'
[    5.364697] x86/fpu: Supporting XSAVE feature 0x080: 'AVX-512 ZMM_Hi256'
[    5.364699] x86/fpu: Supporting XSAVE feature 0x200: 'Protection Keys User registers'
[    5.364702] x86/fpu: Supporting XSAVE feature 0x400: 'PASID state'
[    5.364704] x86/fpu: Supporting XSAVE feature 0x20000: 'AMX Tile config'
[    5.364706] x86/fpu: Supporting XSAVE feature 0x40000: 'AMX Tile data'
[    5.364716] x86/fpu: xstate_offset[2]:  576, xstate_sizes[2]:  256
[    5.364719] x86/fpu: xstate_offset[5]:  832, xstate_sizes[5]:   64
[    5.364721] x86/fpu: xstate_offset[6]:  896, xstate_sizes[6]:  512
[    5.364723] x86/fpu: xstate_offset[7]: 1408, xstate_sizes[7]: 1024
[    5.364725] x86/fpu: xstate_offset[9]: 2432, xstate_sizes[9]:    8
[    5.364727] x86/fpu: xstate_offset[10]: 2440, xstate_sizes[10]:    8
[    5.364729] x86/fpu: xstate_offset[17]: 2496, xstate_sizes[17]:   64
[    5.364731] x86/fpu: xstate_offset[18]: 2560, xstate_sizes[18]: 8192
[    5.364733] x86/fpu: Enabled xstate features 0x606e7, context size is 10752 bytes, using 'compacted' format.
[    5.391967] Freeing SMP alternatives memory: 44K
[    5.391973] pid_max: default: 196608 minimum: 1536
[    5.400307] LSM: Security Framework initializing
[    5.400338] landlock: Up and running.
[    5.400340] Yama: becoming mindful.
[    5.400393] AppArmor: AppArmor initialized
[    5.445543] Dentry cache hash table entries: 33554432 (order: 16, 268435456 bytes, vmalloc)
[    5.467991] Inode-cache hash table entries: 16777216 (order: 15, 134217728 bytes, vmalloc)
[    5.468774] Mount-cache hash table entries: 524288 (order: 10, 4194304 bytes, vmalloc)
[    5.469487] Mountpoint-cache hash table entries: 524288 (order: 10, 4194304 bytes, vmalloc)
[    5.470601] smpboot: Estimated ratio of average max frequency by base frequency (times 1024): 1322
[    5.470636] smpboot: CPU0: Intel(R) Xeon(R) Platinum 8468V (family: 0x6, model: 0x8f, stepping: 0x8)
[    5.470934] Performance Events: XSAVE Architectural LBR, PEBS fmt4+-baseline,  AnyThread deprecated, Sapphire Rapids events, 32-deep LBR, full-width counters, Intel PMU driver.
[    5.471001] ... version:                5
[    5.471003] ... bit width:              48
[    5.471004] ... generic registers:      8
[    5.471005] ... value mask:             0000ffffffffffff
[    5.471006] ... max period:             00007fffffffffff
[    5.471007] ... fixed-purpose events:   4
[    5.471009] ... event mask:             0001000f000000ff
[    5.471197] signal: max sigframe size: 11952
[    5.471218] rcu: Hierarchical SRCU implementation.
[    5.481406] NMI watchdog: Enabled. Permanently consumes one hw-PMU counter.
[    5.483137] smp: Bringing up secondary CPUs ...
[    5.483253] x86: Booting SMP configuration:
[    5.483255] .... node  #0, CPUs:          #1   #2   #3   #4   #5   #6   #7   #8   #9  #10  #11  #12  #13  #14  #15  #16  #17  #18  #19  #20  #21  #22  #23  #24  #25  #26  #27  #28  #29  #30  #31  #32  #33  #34  #35  #36  #37  #38  #39  #40  #41  #42  #43  #44  #45  #46  #47
[    8.226404] .... node  #1, CPUs:    #48
[    7.480128] smpboot: CPU 48 Converting physical 0 to logical die 1
[    8.448743]   #49  #50  #51  #52  #53  #54  #55  #56  #57  #58  #59  #60  #61  #62  #63  #64  #65  #66  #67  #68  #69  #70  #71  #72  #73  #74  #75  #76  #77  #78  #79  #80  #81  #82  #83  #84  #85  #86  #87  #88  #89  #90  #91  #92  #93  #94  #95
[   11.564284] .... node  #0, CPUs:    #96  #97  #98  #99 #100 #101 #102 #103 #104 #105 #106 #107 #108 #109 #110 #111 #112 #113 #114 #115 #116 #117 #118 #119 #120 #121 #122 #123 #124 #125 #126 #127 #128 #129 #130 #131 #132 #133 #134 #135 #136 #137 #138 #139 #140 #141 #142 #143
[   12.669275] .... node  #1, CPUs:   #144 #145 #146 #147 #148 #149 #150 #151 #152 #153 #154 #155 #156 #157 #158 #159 #160 #161 #162 #163 #164 #165 #166 #167 #168 #169 #170 #171 #172 #173 #174 #175 #176 #177 #178 #179 #180 #181 #182 #183 #184 #185 #186 #187 #188 #189 #190 #191
[   13.802414] smp: Brought up 2 nodes, 192 CPUs
[   13.802414] smpboot: Max logical packages: 2
[   13.802414] smpboot: Total of 192 processors activated (918896.64 BogoMIPS)
[   13.862000] devtmpfs: initialized
[   13.862000] x86/mm: Memory block size: 2048MB
[   13.865287] ACPI: PM: Registering ACPI NVS region [mem 0x70310000-0x73b2efff] (58847232 bytes)
[   13.865287] clocksource: jiffies: mask: 0xffffffff max_cycles: 0xffffffff, max_idle_ns: 7645041785100000 ns
[   13.865500] futex hash table entries: 65536 (order: 10, 4194304 bytes, vmalloc)
[   13.866110] pinctrl core: initialized pinctrl subsystem
[   13.866321] PM: RTC time: 01:26:11, date: 2025-07-18
[   13.866705] NET: Registered PF_NETLINK/PF_ROUTE protocol family
[   13.868474] DMA: preallocated 4096 KiB GFP_KERNEL pool for atomic allocations
[   13.868947] DMA: preallocated 4096 KiB GFP_KERNEL|GFP_DMA pool for atomic allocations
[   13.869419] DMA: preallocated 4096 KiB GFP_KERNEL|GFP_DMA32 pool for atomic allocations
[   13.869428] audit: initializing netlink subsys (disabled)
[   13.869472] audit: type=2000 audit(1752801968.532:1): state=initialized audit_enabled=0 res=1
[   13.869472] thermal_sys: Registered thermal governor 'fair_share'
[   13.869472] thermal_sys: Registered thermal governor 'bang_bang'
[   13.869472] thermal_sys: Registered thermal governor 'step_wise'
[   13.869472] thermal_sys: Registered thermal governor 'user_space'
[   13.869472] thermal_sys: Registered thermal governor 'power_allocator'
[   13.869472] cpuidle: using governor ladder
[   13.869472] cpuidle: using governor menu
[   13.869472] ACPI FADT declares the system doesn't support PCIe ASPM, so disable it
[   13.869472] ACPI: bus type PCI registered
[   13.869472] acpiphp: ACPI Hot Plug PCI Controller Driver version: 0.5
[   13.869472] PCI: MMCONFIG for domain 0000 [bus 00-ff] at [mem 0x80000000-0x8fffffff] (base 0x80000000)
[   13.869472] PCI: MMCONFIG at [mem 0x80000000-0x8fffffff] reserved in E820
[   13.869472] pmd_set_huge: Cannot satisfy [mem 0x80000000-0x80200000] with a huge-page mapping due to MTRR override.
[   13.872145] PCI: Using configuration type 1 for base access
[   13.876209] ENERGY_PERF_BIAS: Set to 'normal', was 'performance'
[   13.881205] kprobes: kprobe jump-optimization is enabled. All kprobes are optimized if possible.
[   13.881259] HugeTLB registered 1.00 GiB page size, pre-allocated 0 pages
[   13.881259] HugeTLB registered 2.00 MiB page size, pre-allocated 0 pages
[   13.884283] fbcon: Taking over console
[   13.884283] Failed to find VA for GUID: 77CFBB8C-8F09-4C3B-B7E8-103A65101C60, PA: 0x0
[   13.884283] Failed to find VA for GUID: 5402385F-F04B-44D8-984C-BEF829AC2AE0, PA: 0x0
[   13.884283] Failed to find VA for GUID: F6A58D47-E04F-4F5A-86B8-2A50D4AA109B, PA: 0x0
[   13.884283] PRM: found 2 modules
[   13.884404] ACPI: Added _OSI(Module Device)
[   13.884406] ACPI: Added _OSI(Processor Device)
[   13.884407] ACPI: Added _OSI(3.0 _SCP Extensions)
[   13.884408] ACPI: Added _OSI(Processor Aggregator Device)
[   13.884410] ACPI: Added _OSI(Linux-Dell-Video)
[   13.884412] ACPI: Added _OSI(Linux-Lenovo-NV-HDMI-Audio)
[   13.884413] ACPI: Added _OSI(Linux-HPI-Hybrid-Graphics)
[   14.140995] ACPI: 11 ACPI AML tables successfully acquired and loaded
[   14.157421] ACPI: Dynamic OEM Table Load:
[   14.342249] ACPI: Dynamic OEM Table Load:
[   14.765160] ACPI: Interpreter enabled
[   14.765197] ACPI: PM: (supports S0 S4 S5)
[   14.765199] ACPI: Using IOAPIC for interrupt routing
[   14.765315] HEST: Table parsing has been initialized.
[   14.765435] GHES: APEI firmware first mode is enabled by APEI bit and WHEA _OSC.
[   14.765440] PCI: Using host bridge windows from ACPI; if necessary, use "pci=nocrs" and report a bug
[   14.765442] PCI: Using E820 reservations for host bridge windows
[   14.800614] ACPI: Enabled 2 GPEs in block 00 to 7F
[   14.987265] ACPI: PCI Root Bridge [PC00] (domain 0000 [bus 00-04])
[   14.987275] acpi PNP0A08:00: _OSC: OS supports [ExtendedConfig ASPM ClockPM Segments MSI EDR HPX-Type3]
[   14.989126] acpi PNP0A08:00: _OSC: platform does not support [SHPCHotplug AER LTR DPC]
[   14.989394] acpi PNP0A08:00: _OSC: OS now controls [PCIeHotplug PME PCIeCapability]
[   14.989396] acpi PNP0A08:00: FADT indicates ASPM is unsupported, using BIOS configuration
[   14.990156] PCI host bridge to bus 0000:00
[   14.990159] pci_bus 0000:00: root bus resource [io  0x0000-0x0cf7 window]
[   14.990162] pci_bus 0000:00: root bus resource [io  0x1000-0x3fff window]
[   14.990164] pci_bus 0000:00: root bus resource [mem 0x000a0000-0x000bffff window]
[   14.990166] pci_bus 0000:00: root bus resource [mem 0x000c8000-0x000cffff window]
[   14.990168] pci_bus 0000:00: root bus resource [mem 0xfe010000-0xfe010fff window]
[   14.990170] pci_bus 0000:00: root bus resource [mem 0x90040000-0x957fffff window]
[   14.990172] pci_bus 0000:00: root bus resource [mem 0x40000000000-0x4ffffffffff window]
[   14.990174] pci_bus 0000:00: root bus resource [bus 00-04]
[   14.990263] pci 0000:00:00.0: [8086:09a2] type 00 class 0x088000
[   14.990501] pci 0000:00:00.1: [8086:09a4] type 00 class 0x088000
[   14.990717] pci 0000:00:00.2: [8086:09a3] type 00 class 0x088000
[   14.991007] pci 0000:00:00.4: [8086:0b23] type 00 class 0x080700
[   14.991330] pci 0000:00:0f.0: [8086:1bbf] type 01 class 0x060400
[   14.991357] pci 0000:00:0f.0: reg 0x10: [mem 0x4fffff40000-0x4fffff5ffff 64bit]
[   14.991376] pci 0000:00:0f.0: enabling Extended Tags
[   14.991426] pci 0000:00:0f.0: PME# supported from D0 D3hot D3cold
[   14.992226] pci 0000:00:10.0: [8086:1bb0] type 01 class 0x060400
[   14.992252] pci 0000:00:10.0: reg 0x10: [mem 0x4fffff20000-0x4fffff3ffff 64bit]
[   14.992271] pci 0000:00:10.0: enabling Extended Tags
[   14.992318] pci 0000:00:10.0: PME# supported from D0 D3hot D3cold
[   14.993113] pci 0000:00:14.0: [8086:1bcd] type 00 class 0x0c0330
[   14.993157] pci 0000:00:14.0: reg 0x10: [mem 0x4fffff60000-0x4fffff6ffff 64bit]
[   14.993204] pci 0000:00:14.0: PME# supported from D3hot D3cold
[   14.993506] pci 0000:00:14.2: [8086:1bce] type 00 class 0x050000
[   14.993557] pci 0000:00:14.2: reg 0x10: [mem 0x4fffff70000-0x4fffff73fff 64bit]
[   14.993562] pci 0000:00:14.2: reg 0x18: [mem 0x4fffff79000-0x4fffff79fff 64bit]
[   14.993829] pci 0000:00:14.4: [8086:1bfe] type 00 class 0x060000
[   14.994164] pci 0000:00:15.0: [8086:1bff] type 00 class 0x088000
[   14.994219] pci 0000:00:15.0: reg 0x10: [mem 0x4fffff78000-0x4fffff783ff 64bit]
[   14.994594] pci 0000:00:16.0: [8086:1be0] type 00 class 0x078000
[   14.994652] pci 0000:00:16.0: reg 0x10: [mem 0x4fffff77000-0x4fffff77fff 64bit]
[   14.994707] pci 0000:00:16.0: PME# supported from D3hot
[   14.994947] pci 0000:00:16.1: [8086:1be1] type 00 class 0x078000
[   14.995005] pci 0000:00:16.1: reg 0x10: [mem 0x4fffff76000-0x4fffff76fff 64bit]
[   14.995060] pci 0000:00:16.1: PME# supported from D3hot
[   14.995302] pci 0000:00:16.4: [8086:1be4] type 00 class 0x078000
[   14.995357] pci 0000:00:16.4: reg 0x10: [mem 0x4fffff75000-0x4fffff75fff 64bit]
[   14.995412] pci 0000:00:16.4: PME# supported from D3hot
[   14.995651] pci 0000:00:17.0: [8086:1ba2] type 00 class 0x010601
[   14.995695] pci 0000:00:17.0: reg 0x10: [mem 0x95300000-0x95301fff]
[   14.995698] pci 0000:00:17.0: reg 0x14: [mem 0x95304000-0x953040ff]
[   14.995701] pci 0000:00:17.0: reg 0x18: [io  0x3050-0x3057]
[   14.995704] pci 0000:00:17.0: reg 0x1c: [io  0x3040-0x3043]
[   14.995707] pci 0000:00:17.0: reg 0x20: [io  0x3020-0x303f]
[   14.995709] pci 0000:00:17.0: reg 0x24: [mem 0x95303000-0x953037ff]
[   14.995748] pci 0000:00:17.0: PME# supported from D3hot
[   14.996298] pci 0000:00:1a.0: [8086:1bb4] type 01 class 0x060400
[   14.996323] pci 0000:00:1a.0: reg 0x10: [mem 0x4fffff00000-0x4fffff1ffff 64bit]
[   14.996341] pci 0000:00:1a.0: enabling Extended Tags
[   14.996386] pci 0000:00:1a.0: PME# supported from D0 D3hot D3cold
[   14.997172] pci 0000:00:1f.0: [8086:1b81] type 00 class 0x060100
[   14.997528] pci 0000:00:1f.4: [8086:1bc9] type 00 class 0x0c0500
[   14.997587] pci 0000:00:1f.4: reg 0x10: [mem 0x4fffff74000-0x4fffff740ff 64bit]
[   14.997593] pci 0000:00:1f.4: reg 0x20: [io  0x3000-0x301f]
[   14.997872] pci 0000:00:1f.5: [8086:1bca] type 00 class 0x0c8000
[   14.997930] pci 0000:00:1f.5: reg 0x10: [mem 0xfe010000-0xfe010fff]
[   14.997933] pci 0000:00:1f.5: reg 0x14: [mem 0x92000000-0x93ffffff]
[   14.998078] pci 0000:01:00.0: [1a03:1150] type 01 class 0x060400
[   14.998139] pci 0000:01:00.0: enabling Extended Tags
[   14.998219] pci 0000:01:00.0: supports D1 D2
[   14.998221] pci 0000:01:00.0: PME# supported from D0 D1 D2 D3hot D3cold
[   14.998373] pci 0000:00:0f.0: PCI bridge to [bus 01-02]
[   14.998387] pci 0000:00:0f.0:   bridge window [io  0x2000-0x2fff]
[   14.998391] pci 0000:00:0f.0:   bridge window [mem 0x94000000-0x950fffff]
[   14.998437] pci_bus 0000:02: extended config space not accessible
[   14.998470] pci 0000:02:00.0: [1a03:2000] type 00 class 0x030000
[   14.998528] pci 0000:02:00.0: reg 0x10: [mem 0x94000000-0x94ffffff]
[   14.998532] pci 0000:02:00.0: reg 0x14: [mem 0x95000000-0x9503ffff]
[   14.998535] pci 0000:02:00.0: reg 0x18: [io  0x2000-0x207f]
[   14.998565] pci 0000:02:00.0: BAR 0: assigned to efifb
[   14.998575] pci 0000:02:00.0: Video device with shadowed ROM at [mem 0x000c0000-0x000dffff]
[   14.998614] pci 0000:02:00.0: supports D1 D2
[   14.998615] pci 0000:02:00.0: PME# supported from D0 D1 D2 D3hot D3cold
[   14.998713] pci 0000:01:00.0: PCI bridge to [bus 02]
[   14.998720] pci 0000:01:00.0:   bridge window [io  0x2000-0x2fff]
[   14.998725] pci 0000:01:00.0:   bridge window [mem 0x94000000-0x950fffff]
[   14.998822] pci 0000:03:00.0: [8086:15ff] type 00 class 0x020000
[   14.998876] pci 0000:03:00.0: reg 0x10: [mem 0x4fffe000000-0x4fffeffffff 64bit pref]
[   14.998882] pci 0000:03:00.0: reg 0x1c: [mem 0x4ffff808000-0x4ffff80ffff 64bit pref]
[   14.998887] pci 0000:03:00.0: reg 0x30: [mem 0x95280000-0x952fffff pref]
[   14.998985] pci 0000:03:00.0: PME# supported from D0 D3hot D3cold
[   14.999043] pci 0000:03:00.0: reg 0x184: [mem 0x4ffff400000-0x4ffff40ffff 64bit pref]
[   14.999045] pci 0000:03:00.0: VF(n) BAR0 space: [mem 0x4ffff400000-0x4ffff7fffff 64bit pref] (contains BAR0 for 64 VFs)
[   14.999064] pci 0000:03:00.0: reg 0x190: [mem 0x4ffff910000-0x4ffff913fff 64bit pref]
[   14.999066] pci 0000:03:00.0: VF(n) BAR3 space: [mem 0x4ffff910000-0x4ffffa0ffff 64bit pref] (contains BAR3 for 64 VFs)
[   14.999428] pci 0000:03:00.1: [8086:15ff] type 00 class 0x020000
[   14.999481] pci 0000:03:00.1: reg 0x10: [mem 0x4fffd000000-0x4fffdffffff 64bit pref]
[   14.999488] pci 0000:03:00.1: reg 0x1c: [mem 0x4ffff800000-0x4ffff807fff 64bit pref]
[   14.999492] pci 0000:03:00.1: reg 0x30: [mem 0x95200000-0x9527ffff pref]
[   14.999586] pci 0000:03:00.1: PME# supported from D0 D3hot D3cold
[   14.999639] pci 0000:03:00.1: reg 0x184: [mem 0x4ffff000000-0x4ffff00ffff 64bit pref]
[   14.999641] pci 0000:03:00.1: VF(n) BAR0 space: [mem 0x4ffff000000-0x4ffff3fffff 64bit pref] (contains BAR0 for 64 VFs)
[   14.999661] pci 0000:03:00.1: reg 0x190: [mem 0x4ffff810000-0x4ffff813fff 64bit pref]
[   14.999663] pci 0000:03:00.1: VF(n) BAR3 space: [mem 0x4ffff810000-0x4ffff90ffff 64bit pref] (contains BAR3 for 64 VFs)
[   14.999988] pci 0000:00:10.0: PCI bridge to [bus 03]
[   14.999994] pci 0000:00:10.0:   bridge window [mem 0x95200000-0x952fffff]
[   15.000000] pci 0000:00:10.0:   bridge window [mem 0x4fffd000000-0x4ffffafffff 64bit pref]
[   15.000079] pci 0000:04:00.0: [1344:51c3] type 00 class 0x010802
[   15.000132] pci 0000:04:00.0: reg 0x10: [mem 0x95140000-0x9517ffff 64bit]
[   15.000141] pci 0000:04:00.0: reg 0x30: [mem 0x95100000-0x9513ffff pref]
[   15.000223] pci 0000:04:00.0: PME# supported from D0 D1 D3hot
[   15.000287] pci 0000:04:00.0: 15.752 Gb/s available PCIe bandwidth, limited by 8.0 GT/s PCIe x2 link at 0000:00:1a.0 (capable of 63.012 Gb/s with 16.0 GT/s PCIe x4 link)
[   15.000365] pci 0000:00:1a.0: PCI bridge to [bus 04]
[   15.000371] pci 0000:00:1a.0:   bridge window [mem 0x95100000-0x951fffff]
[   15.000398] pci_bus 0000:00: on NUMA node 0
[   15.001419] ACPI: PCI Root Bridge [PC01] (domain 0000 [bus 05])
[   15.001423] acpi PNP0A08:01: _OSC: OS supports [ExtendedConfig ASPM ClockPM Segments MSI EDR HPX-Type3]
[   15.003659] acpi PNP0A08:01: _OSC: platform does not support [SHPCHotplug AER DPC]
[   15.004100] acpi PNP0A08:01: _OSC: OS now controls [PCIeHotplug PME PCIeCapability LTR]
[   15.004102] acpi PNP0A08:01: FADT indicates ASPM is unsupported, using BIOS configuration
[   15.004225] PCI host bridge to bus 0000:05
[   15.004227] pci_bus 0000:05: root bus resource [io  0x4000-0x5fff window]
[   15.004230] pci_bus 0000:05: root bus resource [mem 0x95800000-0x9f7fffff window]
[   15.004232] pci_bus 0000:05: root bus resource [mem 0x50000000000-0x5ffffffffff window]
[   15.004234] pci_bus 0000:05: root bus resource [bus 05]
[   15.004253] pci 0000:05:00.0: [8086:09a2] type 00 class 0x088000
[   15.004343] pci 0000:05:00.1: [8086:09a4] type 00 class 0x088000
[   15.004432] pci 0000:05:00.2: [8086:09a3] type 00 class 0x088000
[   15.004529] pci 0000:05:00.4: [8086:0b23] type 00 class 0x080700
[   15.004653] pci_bus 0000:05: on NUMA node 0
[   15.004786] ACPI: PCI Root Bridge [PC02] (domain 0000 [bus 06-10])
[   15.004790] acpi PNP0A08:02: _OSC: OS supports [ExtendedConfig ASPM ClockPM Segments MSI EDR HPX-Type3]
[   15.007072] acpi PNP0A08:02: _OSC: platform does not support [SHPCHotplug AER DPC]
[   15.007515] acpi PNP0A08:02: _OSC: OS now controls [PCIeHotplug PME PCIeCapability LTR]
[   15.007517] acpi PNP0A08:02: FADT indicates ASPM is unsupported, using BIOS configuration
[   15.007637] PCI host bridge to bus 0000:06
[   15.007639] pci_bus 0000:06: root bus resource [io  0x6000-0x6fff window]
[   15.007641] pci_bus 0000:06: root bus resource [mem 0x9f800000-0xa93fffff window]
[   15.007643] pci_bus 0000:06: root bus resource [mem 0x60000000000-0x6ffffffffff window]
[   15.007645] pci_bus 0000:06: root bus resource [bus 06-10]
[   15.007664] pci 0000:06:00.0: [8086:09a2] type 00 class 0x088000
[   15.007751] pci 0000:06:00.1: [8086:09a4] type 00 class 0x088000
[   15.007838] pci 0000:06:00.2: [8086:09a3] type 00 class 0x088000
[   15.007933] pci 0000:06:00.4: [8086:0b23] type 00 class 0x080700
[   15.008071] pci 0000:06:01.0: [8086:352a] type 01 class 0x060400
[   15.008088] pci 0000:06:01.0: reg 0x10: [mem 0x6fffff00000-0x6fffff1ffff 64bit]
[   15.008100] pci 0000:06:01.0: enabling Extended Tags
[   15.008144] pci 0000:06:01.0: PME# supported from D0 D3hot D3cold
[   15.008169] pci 0000:06:01.0: PTM enabled (root), 2ns granularity
[   15.008802] pci 0000:07:00.0: [1000:c030] type 01 class 0x060400
[   15.009362] pci 0000:07:00.0: PME# supported from D0 D3hot D3cold
[   15.009799] pci 0000:06:01.0: PCI bridge to [bus 07-10]
[   15.009803] pci 0000:06:01.0:   bridge window [mem 0xa8a00000-0xa92fffff]
[   15.009808] pci 0000:06:01.0:   bridge window [mem 0x67000000000-0x6fe46ffffff 64bit pref]
[   15.011163] pci 0000:08:00.0: [1000:c030] type 01 class 0x060400
[   15.011727] pci 0000:08:00.0: PME# supported from D0 D3hot D3cold
[   15.012197] pci 0000:08:01.0: [1000:c030] type 01 class 0x060400
[   15.012681] pci 0000:08:01.0: PME# supported from D0 D3hot D3cold
[   15.014354] pci 0000:08:02.0: [1000:c030] type 01 class 0x060400
[   15.014825] pci 0000:08:02.0: PME# supported from D0 D3hot D3cold
[   15.015269] pci 0000:08:03.0: [1000:c030] type 01 class 0x060400
[   15.016225] pci 0000:08:03.0: PME# supported from D0 D3hot D3cold
[   15.016680] pci 0000:08:04.0: [1000:c030] type 01 class 0x060400
[   15.017154] pci 0000:08:04.0: PME# supported from D0 D3hot D3cold
[   15.017601] pci 0000:07:00.0: PCI bridge to [bus 08-10]
[   15.017630] pci 0000:07:00.0:   bridge window [mem 0xa8a00000-0xa92fffff]
[   15.017654] pci 0000:07:00.0:   bridge window [mem 0x67000000000-0x6fe46ffffff 64bit pref]
[   15.019202] pci 0000:09:00.0: [1000:02b2] type 00 class 0x088000
[   15.019355] pci 0000:09:00.0: reg 0x10: [mem 0xa9200000-0xa920ffff]
[   15.019627] pci 0000:09:00.0: PME# supported from D0 D3hot D3cold
[   15.019846] pci 0000:08:00.0: PCI bridge to [bus 09]
[   15.019883] pci 0000:08:00.0:   bridge window [mem 0xa9200000-0xa92fffff]
[   15.020067] pci 0000:0a:00.0: [1000:02b2] type 00 class 0x088000
[   15.020216] pci 0000:0a:00.0: reg 0x10: [mem 0xa9100000-0xa910ffff]
[   15.020439] pci 0000:0a:00.0: PME# supported from D0 D3hot D3cold
[   15.020651] pci 0000:08:01.0: PCI bridge to [bus 0a]
[   15.020675] pci 0000:08:01.0:   bridge window [mem 0xa9100000-0xa91fffff]
[   15.021085] pci 0000:0b:00.0: [15b3:101d] type 00 class 0x020000
[   15.021476] pci 0000:0b:00.0: reg 0x10: [mem 0x6fe44000000-0x6fe45ffffff 64bit pref]
[   15.021503] pci 0000:0b:00.0: reg 0x30: [mem 0xa8f00000-0xa8ffffff pref]
[   15.021588] pci 0000:0b:00.0: enabling Extended Tags
[   15.024261] pci 0000:0b:00.0: PME# supported from D3cold
[   15.024769] pci 0000:0b:00.0: reg 0x1a4: [mem 0x6fe46800000-0x6fe468fffff 64bit pref]
[   15.024772] pci 0000:0b:00.0: VF(n) BAR0 space: [mem 0x6fe46800000-0x6fe46ffffff 64bit pref] (contains BAR0 for 8 VFs)
[   15.026469] pci 0000:0b:00.1: [15b3:101d] type 00 class 0x020000
[   15.026823] pci 0000:0b:00.1: reg 0x10: [mem 0x6fe42000000-0x6fe43ffffff 64bit pref]
[   15.026851] pci 0000:0b:00.1: reg 0x30: [mem 0xa8e00000-0xa8efffff pref]
[   15.026934] pci 0000:0b:00.1: enabling Extended Tags
[   15.028038] pci 0000:0b:00.1: PME# supported from D3cold
[   15.028499] pci 0000:0b:00.1: reg 0x1a4: [mem 0x6fe46000000-0x6fe460fffff 64bit pref]
[   15.028501] pci 0000:0b:00.1: VF(n) BAR0 space: [mem 0x6fe46000000-0x6fe467fffff 64bit pref] (contains BAR0 for 8 VFs)
[   15.029693] pci 0000:08:02.0: PCI bridge to [bus 0b]
[   15.029716] pci 0000:08:02.0:   bridge window [mem 0xa8e00000-0xa8ffffff]
[   15.029733] pci 0000:08:02.0:   bridge window [mem 0x6fe42000000-0x6fe46ffffff 64bit pref]
[   15.031294] pci 0000:0c:00.0: [1000:02b2] type 00 class 0x088000
[   15.031411] pci 0000:0c:00.0: reg 0x10: [mem 0xa9000000-0xa900ffff]
[   15.031624] pci 0000:0c:00.0: PME# supported from D0 D3hot D3cold
[   15.031817] pci 0000:08:03.0: PCI bridge to [bus 0c]
[   15.031841] pci 0000:08:03.0:   bridge window [mem 0xa9000000-0xa90fffff]
[   15.032047] pci 0000:0d:00.0: [8086:0bdd] type 01 class 0x060400
[   15.032107] pci 0000:0d:00.0: PME# supported from D0 D3hot D3cold
[   15.032107] pci 0000:08:04.0: PCI bridge to [bus 0d-10]
[   15.032107] pci 0000:08:04.0:   bridge window [mem 0xa8a00000-0xa8dfffff]
[   15.032107] pci 0000:08:04.0:   bridge window [mem 0x67000000000-0x6fe3fffffff 64bit pref]
[   15.032107] pci 0000:0e:01.0: [8086:0bde] type 01 class 0x060400
[   15.032107] pci 0000:0e:01.0: PME# supported from D0 D3hot D3cold
[   15.032107] pci 0000:0e:02.0: [8086:0bdf] type 01 class 0x060400
[   15.032107] pci 0000:0e:02.0: PME# supported from D0 D3hot D3cold
[   15.040109] pci 0000:0d:00.0: PCI bridge to [bus 0e-10]
[   15.040109] pci 0000:0d:00.0:   bridge window [mem 0xa8a00000-0xa8dfffff]
[   15.040109] pci 0000:0d:00.0:   bridge window [mem 0x67000000000-0x6fe3fffffff 64bit pref]
[   15.040109] pci 0000:0f:00.0: [8086:0bda] type 00 class 0x038000
[   15.040109] pci 0000:0f:00.0: reg 0x10: [mem 0x6fe3f000000-0x6fe3fffffff 64bit pref]
[   15.040109] pci 0000:0f:00.0: reg 0x18: [mem 0x67000000000-0x67fffffffff 64bit pref]
[   15.040109] pci 0000:0f:00.0: enabling Extended Tags
[   15.040109] pci 0000:0f:00.0: reg 0x344: [mem 0x6fe00000000-0x6fe00ffffff 64bit pref]
[   15.040109] pci 0000:0f:00.0: VF(n) BAR0 space: [mem 0x6fe00000000-0x6fe3effffff 64bit pref] (contains BAR0 for 63 VFs)
[   15.040109] pci 0000:0f:00.0: reg 0x34c: [mem 0x68000000000-0x681ffffffff 64bit pref]
[   15.040109] pci 0000:0f:00.0: VF(n) BAR2 space: [mem 0x68000000000-0x6fdffffffff 64bit pref] (contains BAR2 for 63 VFs)
[   15.043373] pci 0000:0e:01.0: PCI bridge to [bus 0f]
[   15.043409] pci 0000:0e:01.0:   bridge window [mem 0x67000000000-0x6fe3fffffff 64bit pref]
[   15.043672] pci 0000:10:00.0: [8086:09a6] type 00 class 0x088000
[   15.043880] pci 0000:10:00.0: reg 0x10: [mem 0xa8d00000-0xa8dfffff]
[   15.044687] pci 0000:10:00.1: [8086:09a7] type 00 class 0x088000
[   15.044928] pci 0000:10:00.1: reg 0x10: [mem 0xa8c00000-0xa8cfffff]
[   15.044936] pci 0000:10:00.1: reg 0x14: [mem 0xa8b00000-0xa8bfffff]
[   15.046004] pci 0000:10:00.2: [8086:09a8] type 00 class 0x088000
[   15.046198] pci 0000:10:00.2: reg 0x10: [mem 0xa8a00000-0xa8afffff]
[   15.046778] pci 0000:0e:02.0: PCI bridge to [bus 10]
[   15.046803] pci 0000:0e:02.0:   bridge window [mem 0xa8a00000-0xa8dfffff]
[   15.048264] pci_bus 0000:06: on NUMA node 0
[   15.048427] ACPI: PCI Root Bridge [PC03] (domain 0000 [bus 11-47])
[   15.048431] acpi PNP0A08:03: _OSC: OS supports [ExtendedConfig ASPM ClockPM Segments MSI EDR HPX-Type3]
[   15.050719] acpi PNP0A08:03: _OSC: platform does not support [SHPCHotplug AER DPC]
[   15.051165] acpi PNP0A08:03: _OSC: OS now controls [PCIeHotplug PME PCIeCapability LTR]
[   15.051167] acpi PNP0A08:03: FADT indicates ASPM is unsupported, using BIOS configuration
[   15.051291] PCI host bridge to bus 0000:11
[   15.051293] pci_bus 0000:11: root bus resource [io  0x7000-0x7fff window]
[   15.051296] pci_bus 0000:11: root bus resource [mem 0xa9400000-0xb2ffffff window]
[   15.051298] pci_bus 0000:11: root bus resource [mem 0x70000000000-0x8ffffffffff window]
[   15.051300] pci_bus 0000:11: root bus resource [bus 11-47]
[   15.051319] pci 0000:11:00.0: [8086:09a2] type 00 class 0x088000
[   15.051411] pci 0000:11:00.1: [8086:09a4] type 00 class 0x088000
[   15.051498] pci 0000:11:00.2: [8086:09a3] type 00 class 0x088000
[   15.051595] pci 0000:11:00.4: [8086:0b23] type 00 class 0x080700
[   15.051735] pci 0000:11:01.0: [8086:352a] type 01 class 0x060400
[   15.051752] pci 0000:11:01.0: reg 0x10: [mem 0x8fffff00000-0x8fffff1ffff 64bit]
[   15.051764] pci 0000:11:01.0: enabling Extended Tags
[   15.051808] pci 0000:11:01.0: PME# supported from D0 D3hot D3cold
[   15.051834] pci 0000:11:01.0: PTM enabled (root), 2ns granularity
[   15.052484] pci 0000:12:00.0: [1000:c030] type 01 class 0x060400
[   15.053047] pci 0000:12:00.0: PME# supported from D0 D3hot D3cold
[   15.053483] pci 0000:11:01.0: PCI bridge to [bus 12-22]
[   15.053488] pci 0000:11:01.0:   bridge window [mem 0xb2100000-0xb2efffff]
[   15.053492] pci 0000:11:01.0:   bridge window [mem 0x75000000000-0x8fe401fffff 64bit pref]
[   15.053714] pci 0000:13:00.0: [1000:c030] type 01 class 0x060400
[   15.056137] pci 0000:13:00.0: PME# supported from D0 D3hot D3cold
[   15.056622] pci 0000:13:01.0: [1000:c030] type 01 class 0x060400
[   15.057189] pci 0000:13:01.0: PME# supported from D0 D3hot D3cold
[   15.057652] pci 0000:13:02.0: [1000:c030] type 01 class 0x060400
[   15.059388] pci 0000:13:02.0: PME# supported from D0 D3hot D3cold
[   15.059857] pci 0000:13:03.0: [1000:c030] type 01 class 0x060400
[   15.060433] pci 0000:13:03.0: PME# supported from D0 D3hot D3cold
[   15.060912] pci 0000:13:04.0: [1000:c030] type 01 class 0x060400
[   15.062709] pci 0000:13:04.0: PME# supported from D0 D3hot D3cold
[   15.063302] pci 0000:13:1f.0: [1000:c030] type 01 class 0x060400
[   15.063841] pci 0000:13:1f.0: PME# supported from D0 D3hot D3cold
[   15.064107] pci 0000:12:00.0: PCI bridge to [bus 13-22]
[   15.064107] pci 0000:12:00.0:   bridge window [mem 0xb2100000-0xb2efffff]
[   15.064107] pci 0000:12:00.0:   bridge window [mem 0x75000000000-0x8fe401fffff 64bit pref]
[   15.064107] pci 0000:14:00.0: [8086:0bdd] type 01 class 0x060400
[   15.064107] pci 0000:14:00.0: PME# supported from D0 D3hot D3cold
[   15.064107] pci 0000:13:00.0: PCI bridge to [bus 14-17]
[   15.064107] pci 0000:13:00.0:   bridge window [mem 0xb2900000-0xb2cfffff]
[   15.064107] pci 0000:13:00.0:   bridge window [mem 0x87000000000-0x8fe3fffffff 64bit pref]
[   15.064107] pci 0000:15:01.0: [8086:0bde] type 01 class 0x060400
[   15.068155] pci 0000:15:01.0: PME# supported from D0 D3hot D3cold
[   15.068539] pci 0000:15:02.0: [8086:0bdf] type 01 class 0x060400
[   15.069231] pci 0000:15:02.0: PME# supported from D0 D3hot D3cold
[   15.069633] pci 0000:14:00.0: PCI bridge to [bus 15-17]
[   15.069663] pci 0000:14:00.0:   bridge window [mem 0xb2900000-0xb2cfffff]
[   15.069683] pci 0000:14:00.0:   bridge window [mem 0x87000000000-0x8fe3fffffff 64bit pref]
[   15.070021] pci 0000:16:00.0: [8086:0bda] type 00 class 0x038000
[   15.070301] pci 0000:16:00.0: reg 0x10: [mem 0x8fe3f000000-0x8fe3fffffff 64bit pref]
[   15.070312] pci 0000:16:00.0: reg 0x18: [mem 0x87000000000-0x87fffffffff 64bit pref]
[   15.070386] pci 0000:16:00.0: enabling Extended Tags
[   15.072549] pci 0000:16:00.0: reg 0x344: [mem 0x8fe00000000-0x8fe00ffffff 64bit pref]
[   15.072551] pci 0000:16:00.0: VF(n) BAR0 space: [mem 0x8fe00000000-0x8fe3effffff 64bit pref] (contains BAR0 for 63 VFs)
[   15.072563] pci 0000:16:00.0: reg 0x34c: [mem 0x88000000000-0x881ffffffff 64bit pref]
[   15.072565] pci 0000:16:00.0: VF(n) BAR2 space: [mem 0x88000000000-0x8fdffffffff 64bit pref] (contains BAR2 for 63 VFs)
[   15.074864] pci 0000:15:01.0: PCI bridge to [bus 16]
[   15.074918] pci 0000:15:01.0:   bridge window [mem 0x87000000000-0x8fe3fffffff 64bit pref]
[   15.075219] pci 0000:17:00.0: [8086:09a6] type 00 class 0x088000
[   15.075450] pci 0000:17:00.0: reg 0x10: [mem 0xb2c00000-0xb2cfffff]
[   15.076379] pci 0000:17:00.1: [8086:09a7] type 00 class 0x088000
[   15.076624] pci 0000:17:00.1: reg 0x10: [mem 0xb2b00000-0xb2bfffff]
[   15.076632] pci 0000:17:00.1: reg 0x14: [mem 0xb2a00000-0xb2afffff]
[   15.077722] pci 0000:17:00.2: [8086:09a8] type 00 class 0x088000
[   15.077953] pci 0000:17:00.2: reg 0x10: [mem 0xb2900000-0xb29fffff]
[   15.078565] pci 0000:15:02.0: PCI bridge to [bus 17]
[   15.078596] pci 0000:15:02.0:   bridge window [mem 0xb2900000-0xb2cfffff]
[   15.079001] pci 0000:18:00.0: [8086:0bdd] type 01 class 0x060400
[   15.080148] pci 0000:18:00.0: PME# supported from D0 D3hot D3cold
[   15.080687] pci 0000:13:01.0: PCI bridge to [bus 18-1b]
[   15.080716] pci 0000:13:01.0:   bridge window [mem 0xb2500000-0xb28fffff]
[   15.080736] pci 0000:13:01.0:   bridge window [mem 0x7e000000000-0x86e3fffffff 64bit pref]
[   15.080984] pci 0000:19:01.0: [8086:0bde] type 01 class 0x060400
[   15.081668] pci 0000:19:01.0: PME# supported from D0 D3hot D3cold
[   15.082041] pci 0000:19:02.0: [8086:0bdf] type 01 class 0x060400
[   15.084107] pci 0000:19:02.0: PME# supported from D0 D3hot D3cold
[   15.084107] pci 0000:18:00.0: PCI bridge to [bus 19-1b]
[   15.084107] pci 0000:18:00.0:   bridge window [mem 0xb2500000-0xb28fffff]
[   15.084107] pci 0000:18:00.0:   bridge window [mem 0x7e000000000-0x86e3fffffff 64bit pref]
[   15.084107] pci 0000:1a:00.0: [8086:0bda] type 00 class 0x038000
[   15.084107] pci 0000:1a:00.0: reg 0x10: [mem 0x86e3f000000-0x86e3fffffff 64bit pref]
[   15.084107] pci 0000:1a:00.0: reg 0x18: [mem 0x7e000000000-0x7efffffffff 64bit pref]
[   15.084107] pci 0000:1a:00.0: enabling Extended Tags
[   15.084107] pci 0000:1a:00.0: reg 0x344: [mem 0x86e00000000-0x86e00ffffff 64bit pref]
[   15.084107] pci 0000:1a:00.0: VF(n) BAR0 space: [mem 0x86e00000000-0x86e3effffff 64bit pref] (contains BAR0 for 63 VFs)
[   15.084107] pci 0000:1a:00.0: reg 0x34c: [mem 0x7f000000000-0x7f1ffffffff 64bit pref]
[   15.084107] pci 0000:1a:00.0: VF(n) BAR2 space: [mem 0x7f000000000-0x86dffffffff 64bit pref] (contains BAR2 for 63 VFs)
[   15.089365] pci 0000:19:01.0: PCI bridge to [bus 1a]
[   15.089418] pci 0000:19:01.0:   bridge window [mem 0x7e000000000-0x86e3fffffff 64bit pref]
[   15.089680] pci 0000:1b:00.0: [8086:09a6] type 00 class 0x088000
[   15.089912] pci 0000:1b:00.0: reg 0x10: [mem 0xb2800000-0xb28fffff]
[   15.090726] pci 0000:1b:00.1: [8086:09a7] type 00 class 0x088000
[   15.090953] pci 0000:1b:00.1: reg 0x10: [mem 0xb2700000-0xb27fffff]
[   15.090962] pci 0000:1b:00.1: reg 0x14: [mem 0xb2600000-0xb26fffff]
[   15.092119] pci 0000:1b:00.2: [8086:09a8] type 00 class 0x088000
[   15.092352] pci 0000:1b:00.2: reg 0x10: [mem 0xb2500000-0xb25fffff]
[   15.092946] pci 0000:19:02.0: PCI bridge to [bus 1b]
[   15.092970] pci 0000:19:02.0:   bridge window [mem 0xb2500000-0xb28fffff]
[   15.093369] pci 0000:1c:00.0: [8086:0bdd] type 01 class 0x060400
[   15.094025] pci 0000:1c:00.0: PME# supported from D0 D3hot D3cold
[   15.094374] pci 0000:1c:00.0: 252.056 Gb/s available PCIe bandwidth, limited by 32.0 GT/s PCIe x8 link at 0000:13:02.0 (capable of 504.112 Gb/s with 32.0 GT/s PCIe x16 link)
[   15.094571] pci 0000:13:02.0: PCI bridge to [bus 1c-1f]
[   15.094602] pci 0000:13:02.0:   bridge window [mem 0xb2100000-0xb24fffff]
[   15.094624] pci 0000:13:02.0:   bridge window [mem 0x75000000000-0x7de3fffffff 64bit pref]
[   15.094875] pci 0000:1d:01.0: [8086:0bde] type 01 class 0x060400
[   15.096718] pci 0000:1d:01.0: PME# supported from D0 D3hot D3cold
[   15.097091] pci 0000:1d:02.0: [8086:0bdf] type 01 class 0x060400
[   15.097761] pci 0000:1d:02.0: PME# supported from D0 D3hot D3cold
[   15.098174] pci 0000:1c:00.0: PCI bridge to [bus 1d-1f]
[   15.098204] pci 0000:1c:00.0:   bridge window [mem 0xb2100000-0xb24fffff]
[   15.098225] pci 0000:1c:00.0:   bridge window [mem 0x75000000000-0x7de3fffffff 64bit pref]
[   15.098557] pci 0000:1e:00.0: [8086:0bda] type 00 class 0x038000
[   15.100315] pci 0000:1e:00.0: reg 0x10: [mem 0x7de3f000000-0x7de3fffffff 64bit pref]
[   15.100331] pci 0000:1e:00.0: reg 0x18: [mem 0x75000000000-0x75fffffffff 64bit pref]
[   15.100404] pci 0000:1e:00.0: enabling Extended Tags
[   15.101402] pci 0000:1e:00.0: reg 0x344: [mem 0x7de00000000-0x7de00ffffff 64bit pref]
[   15.101405] pci 0000:1e:00.0: VF(n) BAR0 space: [mem 0x7de00000000-0x7de3effffff 64bit pref] (contains BAR0 for 63 VFs)
[   15.101416] pci 0000:1e:00.0: reg 0x34c: [mem 0x76000000000-0x761ffffffff 64bit pref]
[   15.101418] pci 0000:1e:00.0: VF(n) BAR2 space: [mem 0x76000000000-0x7ddffffffff 64bit pref] (contains BAR2 for 63 VFs)
[   15.103715] pci 0000:1d:01.0: PCI bridge to [bus 1e]
[   15.103764] pci 0000:1d:01.0:   bridge window [mem 0x75000000000-0x7de3fffffff 64bit pref]
[   15.104157] pci 0000:1f:00.0: [8086:09a6] type 00 class 0x088000
[   15.104385] pci 0000:1f:00.0: reg 0x10: [mem 0xb2400000-0xb24fffff]
[   15.105195] pci 0000:1f:00.1: [8086:09a7] type 00 class 0x088000
[   15.105420] pci 0000:1f:00.1: reg 0x10: [mem 0xb2300000-0xb23fffff]
[   15.105428] pci 0000:1f:00.1: reg 0x14: [mem 0xb2200000-0xb22fffff]
[   15.106510] pci 0000:1f:00.2: [8086:09a8] type 00 class 0x088000
[   15.106721] pci 0000:1f:00.2: reg 0x10: [mem 0xb2100000-0xb21fffff]
[   15.107326] pci 0000:1d:02.0: PCI bridge to [bus 1f]
[   15.107361] pci 0000:1d:02.0:   bridge window [mem 0xb2100000-0xb24fffff]
[   15.107753] pci 0000:20:00.0: [1000:02b2] type 00 class 0x088000
[   15.108209] pci 0000:20:00.0: reg 0x10: [mem 0xb2e00000-0xb2e0ffff]
[   15.108482] pci 0000:20:00.0: PME# supported from D0 D3hot D3cold
[   15.108714] pci 0000:13:03.0: PCI bridge to [bus 20]
[   15.108744] pci 0000:13:03.0:   bridge window [mem 0xb2e00000-0xb2efffff]
[   15.108977] pci 0000:21:00.0: [1000:02b2] type 00 class 0x088000
[   15.109155] pci 0000:21:00.0: reg 0x10: [mem 0xb2d00000-0xb2d0ffff]
[   15.109422] pci 0000:21:00.0: PME# supported from D0 D3hot D3cold
[   15.109652] pci 0000:13:04.0: PCI bridge to [bus 21]
[   15.109683] pci 0000:13:04.0:   bridge window [mem 0xb2d00000-0xb2dfffff]
[   15.109901] pci 0000:22:00.0: [1000:00b2] type 00 class 0x010700
[   15.110094] pci 0000:22:00.0: reg 0x10: [mem 0x8fe40100000-0x8fe40103fff 64bit pref]
[   15.110156] pci 0000:22:00.0: enabling Extended Tags
[   15.112121] pci 0000:22:00.0: PME# supported from D0 D3hot D3cold
[   15.112358] pci 0000:13:1f.0: PCI bridge to [bus 22]
[   15.112407] pci 0000:13:1f.0:   bridge window [mem 0x8fe40100000-0x8fe401fffff 64bit pref]
[   15.112557] pci_bus 0000:11: on NUMA node 0
[   15.112727] ACPI: PCI Root Bridge [PC04] (domain 0000 [bus 48-58])
[   15.112730] acpi PNP0A08:04: _OSC: OS supports [ExtendedConfig ASPM ClockPM Segments MSI EDR HPX-Type3]
[   15.115132] acpi PNP0A08:04: _OSC: platform does not support [SHPCHotplug AER DPC]
[   15.115579] acpi PNP0A08:04: _OSC: OS now controls [PCIeHotplug PME PCIeCapability LTR]
[   15.115581] acpi PNP0A08:04: FADT indicates ASPM is unsupported, using BIOS configuration
[   15.115711] PCI host bridge to bus 0000:48
[   15.115712] pci_bus 0000:48: root bus resource [io  0x8000-0x8fff window]
[   15.115715] pci_bus 0000:48: root bus resource [mem 0xb3000000-0xbcbfffff window]
[   15.115717] pci_bus 0000:48: root bus resource [mem 0x90000000000-0x9ffffffffff window]
[   15.115719] pci_bus 0000:48: root bus resource [bus 48-58]
[   15.115738] pci 0000:48:00.0: [8086:09a2] type 00 class 0x088000
[   15.115827] pci 0000:48:00.1: [8086:09a4] type 00 class 0x088000
[   15.115918] pci 0000:48:00.2: [8086:09a3] type 00 class 0x088000
[   15.116016] pci 0000:48:00.4: [8086:0b23] type 00 class 0x080700
[   15.116165] pci 0000:48:01.0: [8086:352a] type 01 class 0x060400
[   15.116183] pci 0000:48:01.0: reg 0x10: [mem 0x9fffff60000-0x9fffff7ffff 64bit]
[   15.116196] pci 0000:48:01.0: enabling Extended Tags
[   15.116247] pci 0000:48:01.0: PME# supported from D0 D3hot D3cold
[   15.116277] pci 0000:48:01.0: PTM enabled (root), 2ns granularity
[   15.116619] pci 0000:48:03.0: [8086:352b] type 01 class 0x060400
[   15.116637] pci 0000:48:03.0: reg 0x10: [mem 0x9fffff40000-0x9fffff5ffff 64bit]
[   15.116650] pci 0000:48:03.0: enabling Extended Tags
[   15.116699] pci 0000:48:03.0: PME# supported from D0 D3hot D3cold
[   15.116727] pci 0000:48:03.0: PTM enabled (root), 2ns granularity
[   15.117061] pci 0000:48:05.0: [8086:352c] type 01 class 0x060400
[   15.117079] pci 0000:48:05.0: reg 0x10: [mem 0x9fffff20000-0x9fffff3ffff 64bit]
[   15.117092] pci 0000:48:05.0: enabling Extended Tags
[   15.117141] pci 0000:48:05.0: PME# supported from D0 D3hot D3cold
[   15.117168] pci 0000:48:05.0: PTM enabled (root), 2ns granularity
[   15.117501] pci 0000:48:07.0: [8086:352d] type 01 class 0x060400
[   15.117518] pci 0000:48:07.0: reg 0x10: [mem 0x9fffff00000-0x9fffff1ffff 64bit]
[   15.117531] pci 0000:48:07.0: enabling Extended Tags
[   15.117580] pci 0000:48:07.0: PME# supported from D0 D3hot D3cold
[   15.117607] pci 0000:48:07.0: PTM enabled (root), 2ns granularity
[   15.118059] pci 0000:48:01.0: PCI bridge to [bus 49]
[   15.118064] pci 0000:48:01.0:   bridge window [mem 0xbca00000-0xbcafffff]
[   15.118202] pci 0000:48:03.0: PCI bridge to [bus 4a]
[   15.118206] pci 0000:48:03.0:   bridge window [mem 0xbc900000-0xbc9fffff]
[   15.118342] pci 0000:48:05.0: PCI bridge to [bus 4b]
[   15.118346] pci 0000:48:05.0:   bridge window [mem 0xbc800000-0xbc8fffff]
[   15.118484] pci 0000:48:07.0: PCI bridge to [bus 4c]
[   15.118488] pci 0000:48:07.0:   bridge window [mem 0xbc700000-0xbc7fffff]
[   15.118512] pci_bus 0000:48: on NUMA node 0
[   15.118650] ACPI: PCI Root Bridge [PC05] (domain 0000 [bus 59-69])
[   15.118654] acpi PNP0A08:05: _OSC: OS supports [ExtendedConfig ASPM ClockPM Segments MSI EDR HPX-Type3]
[   15.120107] acpi PNP0A08:05: _OSC: platform does not support [SHPCHotplug AER DPC]
[   15.120107] acpi PNP0A08:05: _OSC: OS now controls [PCIeHotplug PME PCIeCapability LTR]
[   15.120107] acpi PNP0A08:05: FADT indicates ASPM is unsupported, using BIOS configuration
[   15.120107] PCI host bridge to bus 0000:59
[   15.120107] pci_bus 0000:59: root bus resource [io  0x9000-0x9fff window]
[   15.120107] pci_bus 0000:59: root bus resource [mem 0xbcc00000-0xc67fffff window]
[   15.120107] pci_bus 0000:59: root bus resource [mem 0xa0000000000-0xcffffffffff window]
[   15.120107] pci_bus 0000:59: root bus resource [bus 59-69]
[   15.120107] pci 0000:59:00.0: [8086:09a2] type 00 class 0x088000
[   15.120107] pci 0000:59:00.1: [8086:09a4] type 00 class 0x088000
[   15.120107] pci 0000:59:00.2: [8086:09a3] type 00 class 0x088000
[   15.120107] pci 0000:59:00.4: [8086:0b23] type 00 class 0x080700
[   15.120107] pci 0000:59:01.0: [8086:352a] type 01 class 0x060400
[   15.120107] pci 0000:59:01.0: reg 0x10: [mem 0xcfffff60000-0xcfffff7ffff 64bit]
[   15.120107] pci 0000:59:01.0: enabling Extended Tags
[   15.120107] pci 0000:59:01.0: PME# supported from D0 D3hot D3cold
[   15.120107] pci 0000:59:01.0: PTM enabled (root), 2ns granularity
[   15.120107] pci 0000:59:03.0: [8086:352b] type 01 class 0x060400
[   15.120107] pci 0000:59:03.0: reg 0x10: [mem 0xcfffff40000-0xcfffff5ffff 64bit]
[   15.120107] pci 0000:59:03.0: enabling Extended Tags
[   15.120107] pci 0000:59:03.0: PME# supported from D0 D3hot D3cold
[   15.120107] pci 0000:59:03.0: PTM enabled (root), 2ns granularity
[   15.120107] pci 0000:59:05.0: [8086:352c] type 01 class 0x060400
[   15.120107] pci 0000:59:05.0: reg 0x10: [mem 0xcfffff20000-0xcfffff3ffff 64bit]
[   15.120107] pci 0000:59:05.0: enabling Extended Tags
[   15.120107] pci 0000:59:05.0: PME# supported from D0 D3hot D3cold
[   15.120107] pci 0000:59:05.0: PTM enabled (root), 2ns granularity
[   15.120107] pci 0000:59:07.0: [8086:352d] type 01 class 0x060400
[   15.120107] pci 0000:59:07.0: reg 0x10: [mem 0xcfffff00000-0xcfffff1ffff 64bit]
[   15.120107] pci 0000:59:07.0: enabling Extended Tags
[   15.120107] pci 0000:59:07.0: PME# supported from D0 D3hot D3cold
[   15.120107] pci 0000:59:07.0: PTM enabled (root), 2ns granularity
[   15.120107] pci 0000:59:01.0: PCI bridge to [bus 5a]
[   15.120107] pci 0000:59:01.0:   bridge window [mem 0xc6600000-0xc66fffff]
[   15.124151] pci 0000:59:03.0: PCI bridge to [bus 5b]
[   15.124155] pci 0000:59:03.0:   bridge window [mem 0xc6500000-0xc65fffff]
[   15.124292] pci 0000:59:05.0: PCI bridge to [bus 5c]
[   15.124296] pci 0000:59:05.0:   bridge window [mem 0xc6400000-0xc64fffff]
[   15.124434] pci 0000:59:07.0: PCI bridge to [bus 5d]
[   15.124438] pci 0000:59:07.0:   bridge window [mem 0xc6300000-0xc63fffff]
[   15.124461] pci_bus 0000:59: on NUMA node 0
[   15.124648] ACPI: PCI Root Bridge [DI08] (domain 0000 [bus 6a])
[   15.124651] acpi PNP0A08:07: _OSC: OS supports [ExtendedConfig ASPM ClockPM Segments MSI EDR HPX-Type3]
[   15.126285] acpi PNP0A08:07: _OSC: platform does not support [SHPCHotplug AER DPC]
[   15.126404] acpi PNP0A08:07: _OSC: OS now controls [PCIeHotplug PME PCIeCapability LTR]
[   15.126406] acpi PNP0A08:07: FADT indicates ASPM is unsupported, using BIOS configuration
[   15.126492] PCI host bridge to bus 0000:6a
[   15.126494] pci_bus 0000:6a: root bus resource [mem 0xc6800000-0xc6ffffff window]
[   15.126496] pci_bus 0000:6a: root bus resource [mem 0xd0500000000-0xdffffffffff window]
[   15.126498] pci_bus 0000:6a: root bus resource [bus 6a]
[   15.126511] pci 0000:6a:00.0: [8086:09a2] type 00 class 0x088000
[   15.126588] pci 0000:6a:00.1: [8086:09a4] type 00 class 0x088000
[   15.126668] pci 0000:6a:00.2: [8086:09a3] type 00 class 0x088000
[   15.126745] pci 0000:6a:00.4: [8086:0b23] type 00 class 0x080700
[   15.126854] pci 0000:6a:01.0: [8086:0b25] type 00 class 0x088000
[   15.126876] pci 0000:6a:01.0: reg 0x10: [mem 0xdfffff50000-0xdfffff5ffff 64bit pref]
[   15.126879] pci 0000:6a:01.0: reg 0x18: [mem 0xdfffff20000-0xdfffff3ffff 64bit pref]
[   15.126977] pci 0000:6a:02.0: [8086:0cfe] type 00 class 0x088000
[   15.126999] pci 0000:6a:02.0: reg 0x10: [mem 0xdfffff40000-0xdfffff4ffff 64bit pref]
[   15.127003] pci 0000:6a:02.0: reg 0x18: [mem 0xdfffff00000-0xdfffff1ffff 64bit pref]
[   15.127097] pci 0000:6a:03.0: [8086:09a6] type 00 class 0x088000
[   15.127122] pci 0000:6a:03.0: reg 0x10: [mem 0xc6e00000-0xc6efffff]
[   15.127193] pci 0000:6a:03.1: [8086:09a7] type 00 class 0x088000
[   15.127220] pci 0000:6a:03.1: reg 0x10: [mem 0xc6f40000-0xc6f41fff]
[   15.127222] pci 0000:6a:03.1: reg 0x14: [mem 0xc6f00000-0xc6f3ffff]
[   15.127310] pci_bus 0000:6a: on NUMA node 0
[   15.127444] ACPI: PCI Root Bridge [CP08] (domain 0000 [bus 6b-6c])
[   15.127447] acpi PNP0A08:08: _OSC: OS supports [ExtendedConfig ASPM ClockPM Segments MSI EDR HPX-Type3]
[   15.129016] acpi PNP0A08:08: _OSC: platform does not support [SHPCHotplug AER DPC]
[   15.129132] acpi PNP0A08:08: _OSC: OS now controls [PCIeHotplug PME PCIeCapability LTR]
[   15.129134] acpi PNP0A08:08: FADT indicates ASPM is unsupported, using BIOS configuration
[   15.129209] PCI host bridge to bus 0000:6b
[   15.129211] pci_bus 0000:6b: root bus resource [mem 0xd0000000000-0xd00ffffffff window]
[   15.129213] pci_bus 0000:6b: root bus resource [bus 6b-6c]
[   15.129228] pci 0000:6b:00.0: [8086:4940] type 00 class 0x0b4000
[   15.129251] pci 0000:6b:00.0: reg 0x10: [mem 0xd0000a00000-0xd0000a7ffff 64bit]
[   15.129255] pci 0000:6b:00.0: reg 0x18: [mem 0xd0000000000-0xd00007fffff 64bit]
[   15.129258] pci 0000:6b:00.0: reg 0x20: [mem 0xd0000800000-0xd00009fffff 64bit]
[   15.129317] pci 0000:6b:00.0: reg 0x174: [mem 0xd0000a80000-0xd0000a87fff 64bit]
[   15.129320] pci 0000:6b:00.0: VF(n) BAR0 space: [mem 0xd0000a80000-0xd0000afffff 64bit] (contains BAR0 for 16 VFs)
[   15.129323] pci 0000:6b:00.0: reg 0x17c: [mem 0xd0001280000-0xd0001281fff 64bit]
[   15.129325] pci 0000:6b:00.0: VF(n) BAR2 space: [mem 0xd0001280000-0xd000129ffff 64bit] (contains BAR2 for 16 VFs)
[   15.129328] pci 0000:6b:00.0: reg 0x184: [mem 0xd0000e80000-0xd0000e87fff 64bit]
[   15.129330] pci 0000:6b:00.0: VF(n) BAR4 space: [mem 0xd0000e80000-0xd0000efffff 64bit] (contains BAR4 for 16 VFs)
[   15.129409] pci_bus 0000:6b: on NUMA node 0
[   15.129537] ACPI: PCI Root Bridge [HQ08] (domain 0000 [bus 6d-6e])
[   15.129540] acpi PNP0A08:09: _OSC: OS supports [ExtendedConfig ASPM ClockPM Segments MSI EDR HPX-Type3]
[   15.131100] acpi PNP0A08:09: _OSC: platform does not support [SHPCHotplug AER DPC]
[   15.131216] acpi PNP0A08:09: _OSC: OS now controls [PCIeHotplug PME PCIeCapability LTR]
[   15.131218] acpi PNP0A08:09: FADT indicates ASPM is unsupported, using BIOS configuration
[   15.131288] PCI host bridge to bus 0000:6d
[   15.131289] pci_bus 0000:6d: root bus resource [mem 0xd0100000000-0xd04ffffffff window]
[   15.131291] pci_bus 0000:6d: root bus resource [bus 6d-6e]
[   15.131303] pci 0000:6d:00.0: [8086:2710] type 00 class 0x0b4000
[   15.131325] pci 0000:6d:00.0: reg 0x10: [mem 0xd0240000000-0xd0243ffffff 64bit pref]
[   15.131329] pci 0000:6d:00.0: reg 0x18: [mem 0xd0100000000-0xd01ffffffff 64bit pref]
[   15.131377] pci 0000:6d:00.0: reg 0x12c: [mem 0xd0200000000-0xd0203ffffff 64bit pref]
[   15.131379] pci 0000:6d:00.0: VF(n) BAR0 space: [mem 0xd0200000000-0xd023fffffff 64bit pref] (contains BAR0 for 16 VFs)
[   15.131450] pci_bus 0000:6d: on NUMA node 0
[   15.131598] ACPI: PCI Root Bridge [DI09] (domain 0000 [bus 6f-73])
[   15.131601] acpi PNP0A08:0e: _OSC: OS supports [ExtendedConfig ASPM ClockPM Segments MSI EDR HPX-Type3]
[   15.133203] acpi PNP0A08:0e: _OSC: platform does not support [SHPCHotplug AER DPC]
[   15.133320] acpi PNP0A08:0e: _OSC: OS now controls [PCIeHotplug PME PCIeCapability LTR]
[   15.133322] acpi PNP0A08:0e: FADT indicates ASPM is unsupported, using BIOS configuration
[   15.133405] PCI host bridge to bus 0000:6f
[   15.133406] pci_bus 0000:6f: root bus resource [mem 0xc7000000-0xc77fffff window]
[   15.133408] pci_bus 0000:6f: root bus resource [bus 6f-73]
[   15.133423] pci 0000:6f:00.0: [8086:09a2] type 00 class 0x088000
[   15.133500] pci 0000:6f:00.1: [8086:09a4] type 00 class 0x088000
[   15.133574] pci 0000:6f:00.2: [8086:09a3] type 00 class 0x088000
[   15.133652] pci 0000:6f:00.4: [8086:0b23] type 00 class 0x080700
[   15.133765] pci_bus 0000:6f: on NUMA node 0
[   15.134047] ACPI: PCI Root Bridge [DI0A] (domain 0000 [bus 74-78])
[   15.134050] acpi PNP0A08:15: _OSC: OS supports [ExtendedConfig ASPM ClockPM Segments MSI EDR HPX-Type3]
[   15.135661] acpi PNP0A08:15: _OSC: platform does not support [SHPCHotplug AER DPC]
[   15.135777] acpi PNP0A08:15: _OSC: OS now controls [PCIeHotplug PME PCIeCapability LTR]
[   15.135779] acpi PNP0A08:15: FADT indicates ASPM is unsupported, using BIOS configuration
[   15.135861] PCI host bridge to bus 0000:74
[   15.135862] pci_bus 0000:74: root bus resource [mem 0xc7800000-0xc7ffffff window]
[   15.135865] pci_bus 0000:74: root bus resource [bus 74-78]
[   15.135878] pci 0000:74:00.0: [8086:09a2] type 00 class 0x088000
[   15.135953] pci 0000:74:00.1: [8086:09a4] type 00 class 0x088000
[   15.136029] pci 0000:74:00.2: [8086:09a3] type 00 class 0x088000
[   15.136107] pci 0000:74:00.4: [8086:0b23] type 00 class 0x080700
[   15.136223] pci_bus 0000:74: on NUMA node 0
[   15.136506] ACPI: PCI Root Bridge [DI0B] (domain 0000 [bus 79-7d])
[   15.136508] acpi PNP0A08:1c: _OSC: OS supports [ExtendedConfig ASPM ClockPM Segments MSI EDR HPX-Type3]
[   15.138131] acpi PNP0A08:1c: _OSC: platform does not support [SHPCHotplug AER DPC]
[   15.138247] acpi PNP0A08:1c: _OSC: OS now controls [PCIeHotplug PME PCIeCapability LTR]
[   15.138249] acpi PNP0A08:1c: FADT indicates ASPM is unsupported, using BIOS configuration
[   15.138334] PCI host bridge to bus 0000:79
[   15.138336] pci_bus 0000:79: root bus resource [mem 0xc8000000-0xc87fffff window]
[   15.138338] pci_bus 0000:79: root bus resource [bus 79-7d]
[   15.138351] pci 0000:79:00.0: [8086:09a2] type 00 class 0x088000
[   15.138429] pci 0000:79:00.1: [8086:09a4] type 00 class 0x088000
[   15.138506] pci 0000:79:00.2: [8086:09a3] type 00 class 0x088000
[   15.138583] pci 0000:79:00.4: [8086:0b23] type 00 class 0x080700
[   15.138697] pci_bus 0000:79: on NUMA node 0
[   15.138963] ACPI: PCI Root Bridge [UB00] (domain 0000 [bus 7e])
[   15.138966] acpi PNP0A08:23: _OSC: OS supports [ExtendedConfig ASPM ClockPM Segments MSI EDR HPX-Type3]
[   15.139128] acpi PNP0A08:23: _OSC: platform does not support [SHPCHotplug AER LTR DPC]
[   15.139314] acpi PNP0A08:23: _OSC: OS now controls [PCIeHotplug PME PCIeCapability]
[   15.139316] acpi PNP0A08:23: FADT indicates ASPM is unsupported, using BIOS configuration
[   15.139404] PCI host bridge to bus 0000:7e
[   15.139406] pci_bus 0000:7e: root bus resource [bus 7e]
[   15.139425] pci 0000:7e:00.0: [8086:3250] type 00 class 0x088000
[   15.139504] pci 0000:7e:00.1: [8086:3251] type 00 class 0x088000
[   15.139572] pci 0000:7e:00.2: [8086:3252] type 00 class 0x088000
[   15.139642] pci 0000:7e:00.3: [8086:0998] type 00 class 0x060000
[   15.139736] pci 0000:7e:00.5: [8086:3255] type 00 class 0x088000
[   15.139809] pci 0000:7e:01.0: [8086:3240] type 00 class 0x088000
[   15.139916] pci 0000:7e:01.1: [8086:3241] type 00 class 0x088000
[   15.140019] pci 0000:7e:01.2: [8086:3242] type 00 class 0x088000
[   15.140133] pci 0000:7e:02.0: [8086:3240] type 00 class 0x088000
[   15.140283] pci 0000:7e:02.1: [8086:3241] type 00 class 0x088000
[   15.140432] pci 0000:7e:02.2: [8086:3242] type 00 class 0x088000
[   15.140585] pci 0000:7e:03.0: [8086:3240] type 00 class 0x088000
[   15.140737] pci 0000:7e:03.1: [8086:3241] type 00 class 0x088000
